Microchip MPLAB XC8 Compiler V1.35 ()

Linker command line:

--edf=C:\Program Files (x86)\Microchip\xc8\v1.35\dat\en_msgs.txt -cs \
  -h+dist/default/production\TempSensor_CAN_TX_Demo.X.production.sym \
  --cmf=dist/default/production\TempSensor_CAN_TX_Demo.X.production.cmf -z \
  -Q18F2480 -oC:\Users\CORNEL~1\AppData\Local\Temp\s630.2 \
  -Mdist/default/production/TempSensor_CAN_TX_Demo.X.production.map -E1 \
  -ver=XC8 -ASTACK=060h-02ffh -pstack=STACK -ACODE=00h-03FFFh \
  -ACONST=00h-03FFFh -ASMALLCONST=0300h-03FFhx61 -AMEDIUMCONST=0300h-03FFFh \
  -ACOMRAM=01h-05Fh -AABS1=00h-02FFh -ABIGRAM=01h-02FFh \
  -ARAM=060h-0FFh,0100h-01FFhx2 -ABANK0=060h-0FFh -ABANK1=0100h-01FFh \
  -ABANK2=0200h-02FFh -ASFR=0D00h-0DFFhx2,0F00h-0F5Fh,0F60h-0FFFh \
  -preset_vec=00h,intcode,intcodelo,powerup,init,end_init -pramtop=0300h \
  -psmallconst=SMALLCONST -pmediumconst=MEDIUMCONST -pconst=CONST \
  -AFARRAM=00h-00h -ACONFIG=0300000h-030000Dh -pconfig=CONFIG \
  -AIDLOC=0200000h-0200007h -pidloc=IDLOC -AEEDATA=0F00000h-0F000FFh \
  -peeprom_data=EEDATA \
  -prdata=COMRAM,nvrram=COMRAM,nvbit=COMRAM,rbss=COMRAM,rbit=COMRAM \
  -pfarbss=FARRAM,fardata=FARRAM,nvFARRAM=FARRAM \
  -pintsave_regs=BIGRAM,bigbss=BIGRAM,bigdata=BIGRAM -pbss=RAM \
  -pidata=CODE,irdata=CODE,ibigdata=CODE,ifardata=CODE -prparam=COMRAM \
  C:\Users\CORNEL~1\AppData\Local\Temp\s630.obj \
  dist/default/production\TempSensor_CAN_TX_Demo.X.production.obj 

Object code version is 3.11

Machine type is 18F2480

Call graph: (short form)




                Name                               Link     Load   Length Selector   Space Scale
C:\Users\CORNEL~1\AppData\Local\Temp\s630.obj
                end_init                              0        0        4        0       0
                idloc                            200000   200000        8   200000       0
                config                           300000   300000        E   300000       0
dist/default/production\TempSensor_CAN_TX_Demo.X.production.obj
                smallconst                          300      300       22      180       0
                text14                              952      952       12      191       0
                text13                              826      826       5E      191       0
                text12                              78E      78E       98      191       0
                text11                              93E      93E       14      191       0
                text10                              964      964        E      191       0
                text9                               884      884       2C      191       0
                text8                               6E0      6E0       AE      191       0
                text7                               5FA      5FA       E6      191       0
                text6                               416      416       F4      191       0
                text5                               322      322       F4      191       0
                text4                               900      900       24      191       0
                text3                               8DA      8DA       26      191       0
                text2                               972      972        C      191       0
                text1                               8B0      8B0       2A      191       0
                text0                               50A      50A       F0      191       0
                cstackCOMRAM                          1        1       33        1       1
                bssCOMRAM                            34       34       14        1       1
                cinit                               924      924       1A      191       0

TOTAL           Name                               Link     Load   Length     Space
        CLASS   STACK          

        CLASS   CODE           
                end_init                              0        0        4         0
                text14                              952      952       12         0
                text13                              826      826       5E         0
                text12                              78E      78E       98         0
                text11                              93E      93E       14         0
                text10                              964      964        E         0
                text9                               884      884       2C         0
                text8                               6E0      6E0       AE         0
                text7                               5FA      5FA       E6         0
                text6                               416      416       F4         0
                text5                               322      322       F4         0
                text4                               900      900       24         0
                text3                               8DA      8DA       26         0
                text2                               972      972        C         0
                text1                               8B0      8B0       2A         0
                text0                               50A      50A       F0         0
                cinit                               924      924       1A         0

        CLASS   CONST          

        CLASS   SMALLCONST     
                smallconst                          300      300       22         0

        CLASS   MEDIUMCONST    

        CLASS   COMRAM         
                cstackCOMRAM                          1        1       33         1
                bssCOMRAM                            34       34       14         1

        CLASS   ABS1           

        CLASS   BIGRAM         

        CLASS   RAM            

        CLASS   BANK0          

        CLASS   BANK1          

        CLASS   BANK2          

        CLASS   SFR            

        CLASS   FARRAM         

        CLASS   CONFIG         
                config                           300000   300000        E         0

        CLASS   IDLOC          
                idloc                            200000   200000        8         0

        CLASS   EEDATA         



SEGMENTS        Name                           Load    Length   Top    Selector   Space  Class

                reset_vec                      000000  000004  000004         0       0  CODE    
                cstackCOMRAM                   000001  000047  000048         1       1  COMRAM  
                smallconst                     000300  000022  000322       180       0  SMALLCON
                text5                          000322  00065C  00097E       191       0  CODE    
                idloc                          200000  000008  200008    200000       0  IDLOC   
                config                         300000  00000E  30000E    300000       0  CONFIG  


UNUSED ADDRESS RANGES

        Name                Unused          Largest block    Delta
        BANK0            000060-0000FF               A0
        BANK1            000100-0001FF              100
        BANK2            000200-0002FF              100
        BIGRAM           000048-0002FF              2B8
        CODE             000004-0002FF              2FC
                         00097E-003FFF             3682
        COMRAM           000048-00005F               18
        CONST            000004-0002FF              2FC
                         00097E-003FFF             3682
        EEDATA           F00000-F000FF              100
        MEDIUMCONST      00097E-003FFF             3682
        RAM              000060-0002FF              100
        SFR              000D00-000FFF              100
        SMALLCONST       00097E-003FFF              100
        STACK            000060-0002FF              2A0

                                  Symbol Table

?___ftdiv                 cstackCOMRAM 00001B
?___ftmul                 cstackCOMRAM 00000C
?___ftpack                cstackCOMRAM 000001
?___fttol                 cstackCOMRAM 000001
?___lwtoft                cstackCOMRAM 000009
?_adc_read_sensor         cstackCOMRAM 000001
?_printf                  cstackCOMRAM 000002
Delay@count               cstackCOMRAM 000001
_ADCON0                   (abs)        000FC2
_ADCON0bits               (abs)        000FC2
_ADCON1                   (abs)        000FC1
_ADCON1bits               (abs)        000FC1
_ADCON2                   (abs)        000FC0
_ADRESH                   (abs)        000FC4
_ADRESL                   (abs)        000FC3
_B0CONbits                (abs)        000E20
_B0D0                     (abs)        000E26
_B0D1                     (abs)        000E27
_B0D2                     (abs)        000E28
_B0D3                     (abs)        000E29
_B0D4                     (abs)        000E2A
_B0D5                     (abs)        000E2B
_B0D6                     (abs)        000E2C
_B0D7                     (abs)        000E2D
_B0DLC                    (abs)        000E25
_B0EIDH                   (abs)        000E23
_B0EIDL                   (abs)        000E24
_B0SIDH                   (abs)        000E21
_B0SIDL                   (abs)        000E22
_BAUDCONbits              (abs)        000FB8
_BRGCON1                  (abs)        000F70
_BRGCON2                  (abs)        000F71
_BRGCON3                  (abs)        000F72
_CANCON                   (abs)        000F6F
_CANSTAT                  (abs)        000F6E
_CAN_RX_Adress_H          bssCOMRAM    000036
_CAN_RX_Adress_L          bssCOMRAM    000037
_CAN_TX_Adress_H          bssCOMRAM    000038
_CAN_TX_Adress_L          bssCOMRAM    000039
_CIOCONbits               (abs)        000F73
_Delay                    text14       000952
_ECANCON                  (abs)        000F77
_ECAN_Transmit            text13       000826
_InitDevice               text9        000884
_InitECAN                 text12       00078E
_InitUART                 text11       00093E
_LATAbits                 (abs)        000F89
_OSCCONbits               (abs)        000FD3
_OSCTUNEbits              (abs)        000F9B
_RCSTAbits                (abs)        000FAB
_RXB0CON                  (abs)        000F60
_RXB0CONbits              (abs)        000F60
_RXB0D0                   (abs)        000F66
_RXB0D1                   (abs)        000F67
_RXB0D2                   (abs)        000F68
_RXB0D3                   (abs)        000F69
_RXB0D4                   (abs)        000F6A
_RXB0D5                   (abs)        000F6B
_RXB0D6                   (abs)        000F6C
_RXB0D7                   (abs)        000F6D
_RXB0DLC                  (abs)        000F65
_RXB0EIDH                 (abs)        000F63
_RXB0EIDL                 (abs)        000F64
_RXB0SIDH                 (abs)        000F61
_RXB0SIDL                 (abs)        000F62
_RXB1CON                  (abs)        000F50
_RXB1CONbits              (abs)        000F50
_RXB1D0                   (abs)        000F56
_RXB1D1                   (abs)        000F57
_RXB1D2                   (abs)        000F58
_RXB1D3                   (abs)        000F59
_RXB1D4                   (abs)        000F5A
_RXB1D5                   (abs)        000F5B
_RXB1D6                   (abs)        000F5C
_RXB1D7                   (abs)        000F5D
_RXB1DLC                  (abs)        000F55
_RXB1EIDH                 (abs)        000F53
_RXB1EIDL                 (abs)        000F54
_RXB1IF                   (abs)        007D21
_RXB1SIDH                 (abs)        000F51
_RXB1SIDL                 (abs)        000F52
_RXF0EIDH                 (abs)        000F02
_RXF0EIDL                 (abs)        000F03
_RXF0SIDH                 (abs)        000F00
_RXF0SIDL                 (abs)        000F01
_RXF2EIDH                 (abs)        000F0A
_RXF2EIDL                 (abs)        000F0B
_RXF2SIDH                 (abs)        000F08
_RXF2SIDL                 (abs)        000F09
_RXFCON0                  (abs)        000DD4
_RXFCON1                  (abs)        000DD5
_RXM0EIDH                 (abs)        000F1A
_RXM0EIDL                 (abs)        000F1B
_RXM0SIDH                 (abs)        000F18
_RXM0SIDL                 (abs)        000F19
_RXM1EIDH                 (abs)        000F1E
_RXM1EIDL                 (abs)        000F1F
_RXM1SIDH                 (abs)        000F1C
_RXM1SIDL                 (abs)        000F1D
_SPBRG                    (abs)        000FAF
_TRISAbits                (abs)        000F92
_TRISBbits                (abs)        000F93
_TRISCbits                (abs)        000F94
_TXB0CONbits              (abs)        000F40
_TXB0D0                   (abs)        000F46
_TXB0D1                   (abs)        000F47
_TXB0D2                   (abs)        000F48
_TXB0D3                   (abs)        000F49
_TXB0D4                   (abs)        000F4A
_TXB0D5                   (abs)        000F4B
_TXB0D6                   (abs)        000F4C
_TXB0D7                   (abs)        000F4D
_TXB0DLC                  (abs)        000F45
_TXB0EIDH                 (abs)        000F43
_TXB0EIDL                 (abs)        000F44
_TXB0SIDH                 (abs)        000F41
_TXB0SIDL                 (abs)        000F42
_TXREG                    (abs)        000FAD
_TXSTAbits                (abs)        000FAC
__CFG_BBSIZ$1024          (abs)        000000
__CFG_BOREN$OFF           (abs)        000000
__CFG_BORV$0              (abs)        000000
__CFG_CP0$OFF             (abs)        000000
__CFG_CP1$OFF             (abs)        000000
__CFG_CPB$OFF             (abs)        000000
__CFG_CPD$OFF             (abs)        000000
__CFG_EBTR0$OFF           (abs)        000000
__CFG_EBTR1$OFF           (abs)        000000
__CFG_EBTRB$OFF           (abs)        000000
__CFG_FCMEN$OFF           (abs)        000000
__CFG_IESO$OFF            (abs)        000000
__CFG_LPT1OSC$OFF         (abs)        000000
__CFG_LVP$ON              (abs)        000000
__CFG_MCLRE$OFF           (abs)        000000
__CFG_OSC$IRCIO67         (abs)        000000
__CFG_PBADEN$OFF          (abs)        000000
__CFG_PWRT$ON             (abs)        000000
__CFG_STVREN$ON           (abs)        000000
__CFG_WDT$OFF             (abs)        000000
__CFG_WDTPS$32768         (abs)        000000
__CFG_WRT0$OFF            (abs)        000000
__CFG_WRT1$OFF            (abs)        000000
__CFG_WRTB$OFF            (abs)        000000
__CFG_WRTC$OFF            (abs)        000000
__CFG_WRTD$OFF            (abs)        000000
__CFG_XINST$OFF           (abs)        000000
__HRAM                    (abs)        000000
__Habs1                   abs1         000000
__Hbank0                  bank0        000000
__Hbank1                  bank1        000000
__Hbank2                  bank2        000000
__Hbigbss                 bigbss       000000
__Hbigdata                bigdata      000000
__Hbigram                 bigram       000000
__Hbss                    bss          000000
__HbssCOMRAM              bssCOMRAM    000000
__Hcinit                  cinit        000000
__Hclrtext                clrtext      000000
__Hcomram                 comram       000000
__Hconfig                 config       30000E
__Hconst                  const        000000
__HcstackCOMRAM           cstackCOMRAM 000000
__Hdata                   data         000000
__Heeprom_data            eeprom_data  000000
__Hend_init               end_init     000004
__Hfarbss                 farbss       000000
__Hfardata                fardata      000000
__Hibigdata               ibigdata     000000
__Hidata                  idata        000000
__Hidloc                  idloc        200008
__Hifardata               ifardata     000000
__Hinit                   init         000000
__Hintcode                intcode      000000
__Hintcode_body           intcode_body 000000
__Hintcodelo              intcodelo    000000
__Hintentry               intentry     000000
__Hintret                 intret       000000
__Hintsave_regs           intsave_regs 000000
__Hirdata                 irdata       000000
__Hmediumconst            mediumconst  000000
__HnvFARRAM               nvFARRAM     000000
__Hnvbit                  nvbit        000000
__Hnvrram                 nvrram       000000
__Hparam                  rparam       000000
__Hpowerup                powerup      000000
__Hram                    ram          000000
__Hramtop                 ramtop       000300
__Hrbit                   rbit         000000
__Hrbss                   rbss         000000
__Hrdata                  rdata        000000
__Hreset_vec              reset_vec    000000
__Hrparam                 rparam       000000
__Hsfr                    sfr          000000
__Hsmallconst             smallconst   000322
__Hspace_0                (abs)        30000E
__Hspace_1                (abs)        000048
__Hspace_2                (abs)        000000
__Hstack                  stack        000000
__Hstruct                 struct       000000
__Htemp                   temp         000000
__Htext                   text         000000
__Htext0                  text0        000000
__Htext1                  text1        000000
__Htext10                 text10       000000
__Htext11                 text11       000000
__Htext12                 text12       000000
__Htext13                 text13       000000
__Htext14                 text14       000000
__Htext2                  text2        000000
__Htext3                  text3        000000
__Htext4                  text4        000000
__Htext5                  text5        000000
__Htext6                  text6        000000
__Htext7                  text7        000000
__Htext8                  text8        000000
__Htext9                  text9        000000
__LRAM                    (abs)        000001
__Labs1                   abs1         000000
__Lbank0                  bank0        000000
__Lbank1                  bank1        000000
__Lbank2                  bank2        000000
__Lbigbss                 bigbss       000000
__Lbigdata                bigdata      000000
__Lbigram                 bigram       000000
__Lbss                    bss          000000
__LbssCOMRAM              bssCOMRAM    000000
__Lcinit                  cinit        000000
__Lclrtext                clrtext      000000
__Lcomram                 comram       000000
__Lconfig                 config       300000
__Lconst                  const        000000
__LcstackCOMRAM           cstackCOMRAM 000000
__Ldata                   data         000000
__Leeprom_data            eeprom_data  000000
__Lend_init               end_init     000000
__Lfarbss                 farbss       000000
__Lfardata                fardata      000000
__Libigdata               ibigdata     000000
__Lidata                  idata        000000
__Lidloc                  idloc        200000
__Lifardata               ifardata     000000
__Linit                   init         000000
__Lintcode                intcode      000000
__Lintcode_body           intcode_body 000000
__Lintcodelo              intcodelo    000000
__Lintentry               intentry     000000
__Lintret                 intret       000000
__Lintsave_regs           intsave_regs 000000
__Lirdata                 irdata       000000
__Lmediumconst            mediumconst  000000
__LnvFARRAM               nvFARRAM     000000
__Lnvbit                  nvbit        000000
__Lnvrram                 nvrram       000000
__Lparam                  rparam       000000
__Lpowerup                powerup      000000
__Lram                    ram          000000
__Lramtop                 ramtop       000300
__Lrbit                   rbit         000000
__Lrbss                   rbss         000000
__Lrdata                  rdata        000000
__Lreset_vec              reset_vec    000000
__Lrparam                 rparam       000000
__Lsfr                    sfr          000000
__Lsmallconst             smallconst   000300
__Lspace_0                (abs)        000000
__Lspace_1                (abs)        000000
__Lspace_2                (abs)        000000
__Lstack                  stack        000000
__Lstruct                 struct       000000
__Ltemp                   temp         000000
__Ltext                   text         000000
__Ltext0                  text0        000000
__Ltext1                  text1        000000
__Ltext10                 text10       000000
__Ltext11                 text11       000000
__Ltext12                 text12       000000
__Ltext13                 text13       000000
__Ltext14                 text14       000000
__Ltext2                  text2        000000
__Ltext3                  text3        000000
__Ltext4                  text4        000000
__Ltext5                  text5        000000
__Ltext6                  text6        000000
__Ltext7                  text7        000000
__Ltext8                  text8        000000
__Ltext9                  text9        000000
__S0                      (abs)        30000E
__S1                      (abs)        000048
__S2                      (abs)        000000
___ftdiv                  text7        0005FA
___ftdiv@cntr             cstackCOMRAM 000024
___ftdiv@exp              cstackCOMRAM 000028
___ftdiv@f1               cstackCOMRAM 00001B
___ftdiv@f2               cstackCOMRAM 00001E
___ftdiv@f3               cstackCOMRAM 000025
___ftdiv@sign             cstackCOMRAM 000029
___ftmul                  text6        000416
___ftmul@cntr             cstackCOMRAM 000019
___ftmul@exp              cstackCOMRAM 000015
___ftmul@f1               cstackCOMRAM 00000C
___ftmul@f2               cstackCOMRAM 00000F
___ftmul@f3_as_product    cstackCOMRAM 000016
___ftmul@sign             cstackCOMRAM 00001A
___ftpack                 text8        0006E0
___ftpack@arg             cstackCOMRAM 000001
___ftpack@exp             cstackCOMRAM 000004
___ftpack@sign            cstackCOMRAM 000005
___fttol                  text5        000322
___fttol@exp1             cstackCOMRAM 00000F
___fttol@f1               cstackCOMRAM 000001
___fttol@lval             cstackCOMRAM 00000B
___fttol@sign1            cstackCOMRAM 00000A
___inthi_sp               stack        000000
___intlo_sp               stack        000000
___lwtoft                 text4        000900
___lwtoft@c               cstackCOMRAM 000009
___param_bank             (abs)        000010
___rparam_used            (abs)        000001
___sp                     stack        000000
__accesstop               (abs)        000060
__activetblptr            (abs)        000001
__end_of_Delay            text14       000964
__end_of_ECAN_Transmit    text13       000884
__end_of_InitDevice       text9        0008B0
__end_of_InitECAN         text12       000826
__end_of_InitUART         text11       000952
__end_of___ftdiv          text7        0006E0
__end_of___ftmul          text6        00050A
__end_of___ftpack         text8        00078E
__end_of___fttol          text5        000416
__end_of___lwtoft         text4        000924
__end_of__initialization  cinit        000930
__end_of_adc_init         text10       000972
__end_of_adc_read_sensor  text3        000900
__end_of_main             text0        0005FA
__end_of_printf           text1        0008DA
__end_of_putch            text2        00097E
__initialization          cinit        000924
__mediumconst             mediumconst  000000
__pbssCOMRAM              bssCOMRAM    000034
__pcinit                  cinit        000924
__pcstackCOMRAM           cstackCOMRAM 000001
__psmallconst             smallconst   000300
__ptext0                  text0        00050A
__ptext1                  text1        0008B0
__ptext10                 text10       000964
__ptext11                 text11       00093E
__ptext12                 text12       00078E
__ptext13                 text13       000826
__ptext14                 text14       000952
__ptext2                  text2        000972
__ptext3                  text3        0008DA
__ptext4                  text4        000900
__ptext5                  text5        000322
__ptext6                  text6        000416
__ptext7                  text7        0005FA
__ptext8                  text8        0006E0
__ptext9                  text9        000884
__ramtop                  ramtop       000300
__size_of_Delay           (abs)        000000
__size_of_ECAN_Transmit   (abs)        000000
__size_of_InitDevice      (abs)        000000
__size_of_InitECAN        (abs)        000000
__size_of_InitUART        (abs)        000000
__size_of___ftdiv         (abs)        000000
__size_of___ftmul         (abs)        000000
__size_of___ftpack        (abs)        000000
__size_of___fttol         (abs)        000000
__size_of___lwtoft        (abs)        000000
__size_of_adc_init        (abs)        000000
__size_of_adc_read_sensor (abs)        000000
__size_of_main            (abs)        000000
__size_of_printf          (abs)        000000
__size_of_putch           (abs)        000000
__smallconst              smallconst   000300
_adc_init                 text10       000964
_adc_read_sensor          text3        0008DA
_heartbeatCount           bssCOMRAM    000034
_main                     text0        00050A
_printf                   text1        0008B0
_putch                    text2        000972
_temp_D0                  bssCOMRAM    00003A
_temp_D1                  bssCOMRAM    00003B
_temp_D2                  bssCOMRAM    00003C
_temp_D3                  bssCOMRAM    00003D
_temp_D4                  bssCOMRAM    00003E
_temp_D5                  bssCOMRAM    00003F
_temp_D6                  bssCOMRAM    000040
_temp_D7                  bssCOMRAM    000041
_temp_DLC                 bssCOMRAM    000042
_temp_EIDH                bssCOMRAM    000043
_temp_EIDL                bssCOMRAM    000044
_temp_SIDH                bssCOMRAM    000045
_temp_SIDL                bssCOMRAM    000046
_temperature              bssCOMRAM    000047
adc_read_sensor@result    cstackCOMRAM 000005
end_of_initialization     cinit        000930
intlevel0                 text         000000
intlevel1                 text         000000
intlevel2                 text         000000
intlevel3                 text         000000
main@ADR                  cstackCOMRAM 000030
main@i                    cstackCOMRAM 000032
main@temp                 cstackCOMRAM 00002D
main@voltage              cstackCOMRAM 00002A
printf@ap                 cstackCOMRAM 000004
printf@c                  cstackCOMRAM 000006
printf@f                  cstackCOMRAM 000002
putch@byte                cstackCOMRAM 000001
stackhi                   (abs)        0002FF
stacklo                   (abs)        000060
start                     init         000000
start_initialization      cinit        000924


FUNCTION INFORMATION:

 *************** function _main *****************
 Defined at:
		line 76 in file "main.c"
 Parameters:    Size  Location     Type
		None
 Auto vars:     Size  Location     Type
  temp            3   44[COMRAM] float 
  voltage         3   41[COMRAM] float 
  i               2   49[COMRAM] int 
  ADR             2   47[COMRAM] unsigned int 
 Return value:  Size  Location     Type
		None               void
 Registers used:
		wreg, status,2, status,0, tblptrl, tblptrh, tblptru, cstack
 Tracked objects:
		On entry : 
		On exit  : 
		Unchanged: 
 Data sizes:     COMRAM   BANK0   BANK1   BANK2
      Params:         0       0       0       0
      Locals:        10       0       0       0
      Temps:          0       0       0       0
      Totals:        10       0       0       0
Total ram usage:       10 bytes
 Hardware stack levels required when called:    2
 This function calls:
		_Delay
		_ECAN_Transmit
		_InitDevice
		___ftdiv
		___ftmul
		___fttol
		___lwtoft
		_adc_read_sensor
		_printf
		_putch
 This function is called by:
		Startup code after reset
 This function uses a non-reentrant model


 *************** function _printf *****************
 Defined at:
		line 464 in file "C:\Program Files (x86)\Microchip\xc8\v1.35\sources\common\doprnt.c"
 Parameters:    Size  Location     Type
  f               2    1[COMRAM] PTR const unsigned char 
		 -> STR_2(26), STR_1(5), 
 Auto vars:     Size  Location     Type
  tmpval          4    0        struct .
  cp              3    0        PTR const unsigned char 
  ap              2    3[COMRAM] PTR void [1]
		 -> ?_printf(2), 
  len             2    0        unsigned int 
  val             2    0        unsigned int 
  c               1    5[COMRAM] char 
  flag            1    0        unsigned char 
  prec            1    0        char 
 Return value:  Size  Location     Type
                  2    1[COMRAM] int 
 Registers used:
		wreg, status,2, status,0, tblptrl, tblptrh, tblptru, cstack
 Tracked objects:
		On entry : 
		On exit  : 
		Unchanged: 
 Data sizes:     COMRAM   BANK0   BANK1   BANK2
      Params:         2       0       0       0
      Locals:         3       0       0       0
      Temps:          0       0       0       0
      Totals:         5       0       0       0
Total ram usage:        5 bytes
 Hardware stack levels used:    1
 Hardware stack levels required when called:    1
 This function calls:
		_putch
 This function is called by:
		_main
 This function uses a non-reentrant model


 *************** function _putch *****************
 Defined at:
		line 220 in file "main.c"
 Parameters:    Size  Location     Type
  byte            1    wreg     unsigned char 
 Auto vars:     Size  Location     Type
  byte            1    0[COMRAM] unsigned char 
 Return value:  Size  Location     Type
		None               void
 Registers used:
		wreg
 Tracked objects:
		On entry : 
		On exit  : 
		Unchanged: 
 Data sizes:     COMRAM   BANK0   BANK1   BANK2
      Params:         0       0       0       0
      Locals:         1       0       0       0
      Temps:          0       0       0       0
      Totals:         1       0       0       0
Total ram usage:        1 bytes
 Hardware stack levels used:    1
 This function calls:
		Nothing
 This function is called by:
		_main
		_printf
 This function uses a non-reentrant model


 *************** function _adc_read_sensor *****************
 Defined at:
		line 232 in file "main.c"
 Parameters:    Size  Location     Type
		None
 Auto vars:     Size  Location     Type
  result          2    4[COMRAM] unsigned int 
 Return value:  Size  Location     Type
                  2    0[COMRAM] unsigned int 
 Registers used:
		wreg, status,2, status,0
 Tracked objects:
		On entry : 
		On exit  : 
		Unchanged: 
 Data sizes:     COMRAM   BANK0   BANK1   BANK2
      Params:         2       0       0       0
      Locals:         2       0       0       0
      Temps:          2       0       0       0
      Totals:         6       0       0       0
Total ram usage:        6 bytes
 Hardware stack levels used:    1
 This function calls:
		Nothing
 This function is called by:
		_main
 This function uses a non-reentrant model


 *************** function ___lwtoft *****************
 Defined at:
		line 28 in file "C:\Program Files (x86)\Microchip\xc8\v1.35\sources\common\lwtoft.c"
 Parameters:    Size  Location     Type
  c               2    8[COMRAM] unsigned int 
 Auto vars:     Size  Location     Type
		None
 Return value:  Size  Location     Type
                  3    8[COMRAM] float 
 Registers used:
		wreg, status,2, status,0, cstack
 Tracked objects:
		On entry : 
		On exit  : 
		Unchanged: 
 Data sizes:     COMRAM   BANK0   BANK1   BANK2
      Params:         3       0       0       0
      Locals:         0       0       0       0
      Temps:          0       0       0       0
      Totals:         3       0       0       0
Total ram usage:        3 bytes
 Hardware stack levels used:    1
 Hardware stack levels required when called:    1
 This function calls:
		___ftpack
 This function is called by:
		_main
 This function uses a non-reentrant model


 *************** function ___fttol *****************
 Defined at:
		line 44 in file "C:\Program Files (x86)\Microchip\xc8\v1.35\sources\common\fttol.c"
 Parameters:    Size  Location     Type
  f1              3    0[COMRAM] float 
 Auto vars:     Size  Location     Type
  lval            4   10[COMRAM] unsigned long 
  exp1            1   14[COMRAM] unsigned char 
  sign1           1    9[COMRAM] unsigned char 
 Return value:  Size  Location     Type
                  4    0[COMRAM] long 
 Registers used:
		wreg, status,2, status,0
 Tracked objects:
		On entry : 
		On exit  : 
		Unchanged: 
 Data sizes:     COMRAM   BANK0   BANK1   BANK2
      Params:         4       0       0       0
      Locals:         6       0       0       0
      Temps:          5       0       0       0
      Totals:        15       0       0       0
Total ram usage:       15 bytes
 Hardware stack levels used:    1
 This function calls:
		Nothing
 This function is called by:
		_main
 This function uses a non-reentrant model


 *************** function ___ftmul *****************
 Defined at:
		line 62 in file "C:\Program Files (x86)\Microchip\xc8\v1.35\sources\common\ftmul.c"
 Parameters:    Size  Location     Type
  f1              3   11[COMRAM] float 
  f2              3   14[COMRAM] float 
 Auto vars:     Size  Location     Type
  f3_as_produc    3   21[COMRAM] unsigned um
  sign            1   25[COMRAM] unsigned char 
  cntr            1   24[COMRAM] unsigned char 
  exp             1   20[COMRAM] unsigned char 
 Return value:  Size  Location     Type
                  3   11[COMRAM] float 
 Registers used:
		wreg, status,2, status,0, cstack
 Tracked objects:
		On entry : 
		On exit  : 
		Unchanged: 
 Data sizes:     COMRAM   BANK0   BANK1   BANK2
      Params:         6       0       0       0
      Locals:         6       0       0       0
      Temps:          3       0       0       0
      Totals:        15       0       0       0
Total ram usage:       15 bytes
 Hardware stack levels used:    1
 Hardware stack levels required when called:    1
 This function calls:
		___ftpack
 This function is called by:
		_main
 This function uses a non-reentrant model


 *************** function ___ftdiv *****************
 Defined at:
		line 54 in file "C:\Program Files (x86)\Microchip\xc8\v1.35\sources\common\ftdiv.c"
 Parameters:    Size  Location     Type
  f1              3   26[COMRAM] float 
  f2              3   29[COMRAM] float 
 Auto vars:     Size  Location     Type
  f3              3   36[COMRAM] float 
  sign            1   40[COMRAM] unsigned char 
  exp             1   39[COMRAM] unsigned char 
  cntr            1   35[COMRAM] unsigned char 
 Return value:  Size  Location     Type
                  3   26[COMRAM] float 
 Registers used:
		wreg, status,2, status,0, cstack
 Tracked objects:
		On entry : 
		On exit  : 
		Unchanged: 
 Data sizes:     COMRAM   BANK0   BANK1   BANK2
      Params:         6       0       0       0
      Locals:         6       0       0       0
      Temps:          3       0       0       0
      Totals:        15       0       0       0
Total ram usage:       15 bytes
 Hardware stack levels used:    1
 Hardware stack levels required when called:    1
 This function calls:
		___ftpack
 This function is called by:
		_main
 This function uses a non-reentrant model


 *************** function ___ftpack *****************
 Defined at:
		line 62 in file "C:\Program Files (x86)\Microchip\xc8\v1.35\sources\common\float.c"
 Parameters:    Size  Location     Type
  arg             3    0[COMRAM] unsigned um
  exp             1    3[COMRAM] unsigned char 
  sign            1    4[COMRAM] unsigned char 
 Auto vars:     Size  Location     Type
		None
 Return value:  Size  Location     Type
                  3    0[COMRAM] float 
 Registers used:
		wreg, status,2, status,0
 Tracked objects:
		On entry : 
		On exit  : 
		Unchanged: 
 Data sizes:     COMRAM   BANK0   BANK1   BANK2
      Params:         5       0       0       0
      Locals:         0       0       0       0
      Temps:          3       0       0       0
      Totals:         8       0       0       0
Total ram usage:        8 bytes
 Hardware stack levels used:    1
 This function calls:
		Nothing
 This function is called by:
		___ftdiv
		___ftmul
		___lwtoft
 This function uses a non-reentrant model


 *************** function _InitDevice *****************
 Defined at:
		line 120 in file "main.c"
 Parameters:    Size  Location     Type
		None
 Auto vars:     Size  Location     Type
		None
 Return value:  Size  Location     Type
		None               void
 Registers used:
		wreg, status,2, cstack
 Tracked objects:
		On entry : 
		On exit  : 
		Unchanged: 
 Data sizes:     COMRAM   BANK0   BANK1   BANK2
      Params:         0       0       0       0
      Locals:         0       0       0       0
      Temps:          0       0       0       0
      Totals:         0       0       0       0
Total ram usage:        0 bytes
 Hardware stack levels used:    1
 Hardware stack levels required when called:    1
 This function calls:
		_InitECAN
		_InitUART
		_adc_init
 This function is called by:
		_main
 This function uses a non-reentrant model


 *************** function _adc_init *****************
 Defined at:
		line 225 in file "main.c"
 Parameters:    Size  Location     Type
		None
 Auto vars:     Size  Location     Type
		None
 Return value:  Size  Location     Type
		None               void
 Registers used:
		wreg, status,2
 Tracked objects:
		On entry : 
		On exit  : 
		Unchanged: 
 Data sizes:     COMRAM   BANK0   BANK1   BANK2
      Params:         0       0       0       0
      Locals:         0       0       0       0
      Temps:          0       0       0       0
      Totals:         0       0       0       0
Total ram usage:        0 bytes
 Hardware stack levels used:    1
 This function calls:
		Nothing
 This function is called by:
		_InitDevice
 This function uses a non-reentrant model


 *************** function _InitUART *****************
 Defined at:
		line 202 in file "main.c"
 Parameters:    Size  Location     Type
		None
 Auto vars:     Size  Location     Type
		None
 Return value:  Size  Location     Type
		None               void
 Registers used:
		wreg, status,2
 Tracked objects:
		On entry : 
		On exit  : 
		Unchanged: 
 Data sizes:     COMRAM   BANK0   BANK1   BANK2
      Params:         0       0       0       0
      Locals:         0       0       0       0
      Temps:          0       0       0       0
      Totals:         0       0       0       0
Total ram usage:        0 bytes
 Hardware stack levels used:    1
 This function calls:
		Nothing
 This function is called by:
		_InitDevice
 This function uses a non-reentrant model


 *************** function _InitECAN *****************
 Defined at:
		line 66 in file "ECAN_P18.c"
 Parameters:    Size  Location     Type
		None
 Auto vars:     Size  Location     Type
		None
 Return value:  Size  Location     Type
		None               void
 Registers used:
		wreg, status,2
 Tracked objects:
		On entry : 
		On exit  : 
		Unchanged: 
 Data sizes:     COMRAM   BANK0   BANK1   BANK2
      Params:         0       0       0       0
      Locals:         0       0       0       0
      Temps:          0       0       0       0
      Totals:         0       0       0       0
Total ram usage:        0 bytes
 Hardware stack levels used:    1
 This function calls:
		Nothing
 This function is called by:
		_InitDevice
 This function uses a non-reentrant model


 *************** function _ECAN_Transmit *****************
 Defined at:
		line 154 in file "main.c"
 Parameters:    Size  Location     Type
		None
 Auto vars:     Size  Location     Type
		None
 Return value:  Size  Location     Type
		None               void
 Registers used:
		wreg, status,2
 Tracked objects:
		On entry : 
		On exit  : 
		Unchanged: 
 Data sizes:     COMRAM   BANK0   BANK1   BANK2
      Params:         0       0       0       0
      Locals:         0       0       0       0
      Temps:          0       0       0       0
      Totals:         0       0       0       0
Total ram usage:        0 bytes
 Hardware stack levels used:    1
 This function calls:
		Nothing
 This function is called by:
		_main
 This function uses a non-reentrant model


 *************** function _Delay *****************
 Defined at:
		line 196 in file "main.c"
 Parameters:    Size  Location     Type
  count           2    0[COMRAM] unsigned int 
 Auto vars:     Size  Location     Type
		None
 Return value:  Size  Location     Type
		None               void
 Registers used:
		wreg, status,2, status,0
 Tracked objects:
		On entry : 
		On exit  : 
		Unchanged: 
 Data sizes:     COMRAM   BANK0   BANK1   BANK2
      Params:         2       0       0       0
      Locals:         0       0       0       0
      Temps:          0       0       0       0
      Totals:         2       0       0       0
Total ram usage:        2 bytes
 Hardware stack levels used:    1
 This function calls:
		Nothing
 This function is called by:
		_main
 This function uses a non-reentrant model



MODULE INFORMATION

Module		Function		Class		Link	Load	Size
C:\Program Files (x86)\Microchip\xc8\v1.35\sources\common\lwtoft.c
		___lwtoft      		CODE           	0900	0000	37

C:\Program Files (x86)\Microchip\xc8\v1.35\sources\common\lwtoft.c estimated size: 37

C:\Program Files (x86)\Microchip\xc8\v1.35\sources\common\float.c
		___ftpack      		CODE           	06E0	0000	175

C:\Program Files (x86)\Microchip\xc8\v1.35\sources\common\float.c estimated size: 175

C:\Program Files (x86)\Microchip\xc8\v1.35\sources\common\doprnt.c
		_printf        		CODE           	08B0	0000	43

C:\Program Files (x86)\Microchip\xc8\v1.35\sources\common\doprnt.c estimated size: 43

shared
		__initialization		CODE           	0924	0000	13

shared estimated size: 13

ECAN_P18.c
		_InitECAN      		CODE           	078E	0000	153

ECAN_P18.c estimated size: 153

C:\Program Files (x86)\Microchip\xc8\v1.35\sources\common\ftmul.c
		___ftmul       		CODE           	0416	0000	245

C:\Program Files (x86)\Microchip\xc8\v1.35\sources\common\ftmul.c estimated size: 245

C:\Program Files (x86)\Microchip\xc8\v1.35\sources\common\ftdiv.c
		___ftdiv       		CODE           	05FA	0000	231

C:\Program Files (x86)\Microchip\xc8\v1.35\sources\common\ftdiv.c estimated size: 231

main.c
		_InitUART      		CODE           	093E	0000	21
		_putch         		CODE           	0972	0000	13
		_main          		CODE           	050A	0000	241
		_InitDevice    		CODE           	0884	0000	45
		_adc_read_sensor		CODE           	08DA	0000	39
		_ECAN_Transmit 		CODE           	0826	0000	95
		_Delay         		CODE           	0952	0000	19
		_adc_init      		CODE           	0964	0000	15

main.c estimated size: 488

C:\Program Files (x86)\Microchip\xc8\v1.35\sources\common\fttol.c
		___fttol       		CODE           	0322	0000	245

C:\Program Files (x86)\Microchip\xc8\v1.35\sources\common\fttol.c estimated size: 245

