Microchip MPLAB XC8 Compiler V1.35 ()

Linker command line:

--edf=C:\Program Files (x86)\Microchip\xc8\v1.35\dat\en_msgs.txt -cs \
  -h+dist/default/production\CAN_RX_WithFilter.X.production.sym \
  --cmf=dist/default/production\CAN_RX_WithFilter.X.production.cmf -z \
  -Q18F2480 -oC:\Users\CORNEL~1\AppData\Local\Temp\s664.2 \
  -Mdist/default/production/CAN_RX_WithFilter.X.production.map -E1 -ver=XC8 \
  -ASTACK=060h-02ffh -pstack=STACK -ACODE=00h-03FFFh -ACONST=00h-03FFFh \
  -ASMALLCONST=0300h-03FFhx61 -AMEDIUMCONST=0300h-03FFFh -ACOMRAM=01h-05Fh \
  -AABS1=00h-02FFh -ABIGRAM=01h-02FFh -ARAM=060h-0FFh,0100h-01FFhx2 \
  -ABANK0=060h-0FFh -ABANK1=0100h-01FFh -ABANK2=0200h-02FFh \
  -ASFR=0D00h-0DFFhx2,0F00h-0F5Fh,0F60h-0FFFh \
  -preset_vec=00h,intcode,intcodelo,powerup,init,end_init -pramtop=0300h \
  -psmallconst=SMALLCONST -pmediumconst=MEDIUMCONST -pconst=CONST \
  -AFARRAM=00h-00h -ACONFIG=0300000h-030000Dh -pconfig=CONFIG \
  -AIDLOC=0200000h-0200007h -pidloc=IDLOC -AEEDATA=0F00000h-0F000FFh \
  -peeprom_data=EEDATA \
  -prdata=COMRAM,nvrram=COMRAM,nvbit=COMRAM,rbss=COMRAM,rbit=COMRAM \
  -pfarbss=FARRAM,fardata=FARRAM,nvFARRAM=FARRAM \
  -pintsave_regs=BIGRAM,bigbss=BIGRAM,bigdata=BIGRAM -pbss=RAM \
  -pidata=CODE,irdata=CODE,ibigdata=CODE,ifardata=CODE -prparam=COMRAM \
  C:\Users\CORNEL~1\AppData\Local\Temp\s664.obj \
  dist/default/production\CAN_RX_WithFilter.X.production.obj 

Object code version is 3.11

Machine type is 18F2480

Call graph: (short form)




                Name                               Link     Load   Length Selector   Space Scale
C:\Users\CORNEL~1\AppData\Local\Temp\s664.obj
                end_init                              0        0        4        0       0
                idloc                            200000   200000        8   200000       0
                config                           300000   300000        E   300000       0
dist/default/production\CAN_RX_WithFilter.X.production.obj
                smallconst                          300      300       66      180       0
                text9                               682      682       38      1B3       0
                text8                               484      484       B6      1B3       0
                text7                               6D0      6D0       14      1B3       0
                text6                               6E4      6E4        E      1B3       0
                text5                               5F0      5F0       50      1B3       0
                text4                               59E      59E       52      1B3       0
                text3                               640      640       42      1B3       0
                text2                               6F2      6F2        C      1B3       0
                text1                               366      366      11E      1B3       0
                text0                               53A      53A       64      1B3       0
                cstackCOMRAM                         24       24       1B        1       1
                bssCOMRAM                             1        1       23        1       1
                cinit                               6BA      6BA       16      1B3       0

TOTAL           Name                               Link     Load   Length     Space
        CLASS   STACK          

        CLASS   CODE           
                end_init                              0        0        4         0
                text9                               682      682       38         0
                text8                               484      484       B6         0
                text7                               6D0      6D0       14         0
                text6                               6E4      6E4        E         0
                text5                               5F0      5F0       50         0
                text4                               59E      59E       52         0
                text3                               640      640       42         0
                text2                               6F2      6F2        C         0
                text1                               366      366      11E         0
                text0                               53A      53A       64         0
                cinit                               6BA      6BA       16         0

        CLASS   CONST          

        CLASS   SMALLCONST     
                smallconst                          300      300       66         0

        CLASS   MEDIUMCONST    

        CLASS   COMRAM         
                cstackCOMRAM                         24       24       1B         1
                bssCOMRAM                             1        1       23         1

        CLASS   ABS1           

        CLASS   BIGRAM         

        CLASS   RAM            

        CLASS   BANK0          

        CLASS   BANK1          

        CLASS   BANK2          

        CLASS   SFR            

        CLASS   FARRAM         

        CLASS   CONFIG         
                config                           300000   300000        E         0

        CLASS   IDLOC          
                idloc                            200000   200000        8         0

        CLASS   EEDATA         



SEGMENTS        Name                           Load    Length   Top    Selector   Space  Class

                reset_vec                      000000  000004  000004         0       0  CODE    
                bssCOMRAM                      000001  00003E  00003F         1       1  COMRAM  
                smallconst                     000300  000066  000366       180       0  SMALLCON
                text1                          000366  000398  0006FE       1B3       0  CODE    
                idloc                          200000  000008  200008    200000       0  IDLOC   
                config                         300000  00000E  30000E    300000       0  CONFIG  


UNUSED ADDRESS RANGES

        Name                Unused          Largest block    Delta
        BANK0            000060-0000FF               A0
        BANK1            000100-0001FF              100
        BANK2            000200-0002FF              100
        BIGRAM           00003F-0002FF              2C1
        CODE             000004-0002FF              2FC
                         0006FE-003FFF             3902
        COMRAM           00003F-00005F               21
        CONST            000004-0002FF              2FC
                         0006FE-003FFF             3902
        EEDATA           F00000-F000FF              100
        MEDIUMCONST      0006FE-003FFF             3902
        RAM              000060-0002FF              100
        SFR              000D00-000FFF              100
        SMALLCONST       0006FE-003FFF              100
        STACK            000060-0002FF              2A0

                                  Symbol Table

?___lwdiv                cstackCOMRAM 000024
?___lwmod                cstackCOMRAM 00002B
?_printf                 cstackCOMRAM 000030
_ADCON0                  (abs)        000FC2
_ADCON0bits              (abs)        000FC2
_ADCON1                  (abs)        000FC1
_ADCON1bits              (abs)        000FC1
_ADCON2                  (abs)        000FC0
_ADRESH                  (abs)        000FC4
_ADRESL                  (abs)        000FC3
_BAUDCONbits             (abs)        000FB8
_BRGCON1                 (abs)        000F70
_BRGCON2                 (abs)        000F71
_BRGCON3                 (abs)        000F72
_CANCON                  (abs)        000F6F
_CANSTAT                 (abs)        000F6E
_CAN_RX_Adress_H         bssCOMRAM    000001
_CAN_RX_Adress_L         bssCOMRAM    000002
_CAN_TX_Adress_H         bssCOMRAM    000003
_CAN_TX_Adress_L         bssCOMRAM    000004
_CIOCON                  (abs)        000F73
_CIOCONbits              (abs)        000F73
_ECANCON                 (abs)        000F77
_ECAN_Receive            text9        000682
_IPR3                    (abs)        000FA5
_InitDevice              text5        0005F0
_InitECAN                text8        000484
_InitUART                text7        0006D0
_LATAbits                (abs)        000F89
_OSCCONbits              (abs)        000FD3
_OSCTUNEbits             (abs)        000F9B
_PIE3                    (abs)        000FA3
_PIR3                    (abs)        000FA4
_PIR3bits                (abs)        000FA4
_RCSTAbits               (abs)        000FAB
_RXB0CON                 (abs)        000F60
_RXB0CONbits             (abs)        000F60
_RXB0D0                  (abs)        000F66
_RXB0D1                  (abs)        000F67
_RXB0D2                  (abs)        000F68
_RXB0D3                  (abs)        000F69
_RXB0D4                  (abs)        000F6A
_RXB0D5                  (abs)        000F6B
_RXB0D6                  (abs)        000F6C
_RXB0D7                  (abs)        000F6D
_RXB0DLC                 (abs)        000F65
_RXB0EIDH                (abs)        000F63
_RXB0EIDL                (abs)        000F64
_RXB0SIDH                (abs)        000F61
_RXB0SIDL                (abs)        000F62
_RXB1CON                 (abs)        000F50
_RXF0EIDH                (abs)        000F02
_RXF0EIDL                (abs)        000F03
_RXF0SIDH                (abs)        000F00
_RXF0SIDL                (abs)        000F01
_RXF1SIDH                (abs)        000F04
_RXF1SIDL                (abs)        000F05
_RXF2SIDH                (abs)        000F08
_RXF2SIDL                (abs)        000F09
_RXF3SIDH                (abs)        000F0C
_RXF3SIDL                (abs)        000F0D
_RXF4SIDH                (abs)        000F10
_RXF4SIDL                (abs)        000F11
_RXF5SIDH                (abs)        000F14
_RXF5SIDL                (abs)        000F15
_RXFCON0                 (abs)        000DD4
_RXFCON1                 (abs)        000DD5
_RXM0EIDH                (abs)        000F1A
_RXM0EIDL                (abs)        000F1B
_RXM0SIDH                (abs)        000F18
_RXM0SIDL                (abs)        000F19
_RXM1EIDH                (abs)        000F1E
_RXM1EIDL                (abs)        000F1F
_RXM1SIDH                (abs)        000F1C
_RXM1SIDL                (abs)        000F1D
_RecData0                bssCOMRAM    000005
_RecData1                bssCOMRAM    000006
_RecData2                bssCOMRAM    000007
_RecData3                bssCOMRAM    000008
_RecData4                bssCOMRAM    000009
_RecData5                bssCOMRAM    00000A
_RecData6                bssCOMRAM    00000B
_RecData7                bssCOMRAM    00000C
_SPBRG                   (abs)        000FAF
_TRISAbits               (abs)        000F92
_TRISBbits               (abs)        000F93
_TRISCbits               (abs)        000F94
_TXB0CONbits             (abs)        000F40
_TXB0D0                  (abs)        000F46
_TXB0D1                  (abs)        000F47
_TXB0D2                  (abs)        000F48
_TXB0D3                  (abs)        000F49
_TXB0D4                  (abs)        000F4A
_TXB0D5                  (abs)        000F4B
_TXB0D6                  (abs)        000F4C
_TXB0D7                  (abs)        000F4D
_TXB0DLC                 (abs)        000F45
_TXB0EIDH                (abs)        000F43
_TXB0EIDL                (abs)        000F44
_TXB0SIDH                (abs)        000F41
_TXB0SIDL                (abs)        000F42
_TXB1CONbits             (abs)        000F30
_TXB2CONbits             (abs)        000F20
_TXREG                   (abs)        000FAD
_TXSTAbits               (abs)        000FAC
_TransData0              bssCOMRAM    00000D
_TransData1              bssCOMRAM    00000E
_TransData2              bssCOMRAM    00000F
_TransData3              bssCOMRAM    000010
_TransData4              bssCOMRAM    000011
_TransData5              bssCOMRAM    000012
_TransData6              bssCOMRAM    000013
_TransData7              bssCOMRAM    000014
_TransData8              bssCOMRAM    000015
__CFG_BBSIZ$1024         (abs)        000000
__CFG_BOREN$OFF          (abs)        000000
__CFG_BORV$0             (abs)        000000
__CFG_CP0$OFF            (abs)        000000
__CFG_CP1$OFF            (abs)        000000
__CFG_CPB$OFF            (abs)        000000
__CFG_CPD$OFF            (abs)        000000
__CFG_EBTR0$OFF          (abs)        000000
__CFG_EBTR1$OFF          (abs)        000000
__CFG_EBTRB$OFF          (abs)        000000
__CFG_FCMEN$OFF          (abs)        000000
__CFG_IESO$OFF           (abs)        000000
__CFG_LPT1OSC$OFF        (abs)        000000
__CFG_LVP$ON             (abs)        000000
__CFG_MCLRE$OFF          (abs)        000000
__CFG_OSC$IRCIO67        (abs)        000000
__CFG_PBADEN$OFF         (abs)        000000
__CFG_PWRT$ON            (abs)        000000
__CFG_STVREN$ON          (abs)        000000
__CFG_WDT$OFF            (abs)        000000
__CFG_WDTPS$32768        (abs)        000000
__CFG_WRT0$OFF           (abs)        000000
__CFG_WRT1$OFF           (abs)        000000
__CFG_WRTB$OFF           (abs)        000000
__CFG_WRTC$OFF           (abs)        000000
__CFG_WRTD$OFF           (abs)        000000
__CFG_XINST$OFF          (abs)        000000
__HRAM                   (abs)        000000
__Habs1                  abs1         000000
__Hbank0                 bank0        000000
__Hbank1                 bank1        000000
__Hbank2                 bank2        000000
__Hbigbss                bigbss       000000
__Hbigdata               bigdata      000000
__Hbigram                bigram       000000
__Hbss                   bss          000000
__HbssCOMRAM             bssCOMRAM    000000
__Hcinit                 cinit        000000
__Hclrtext               clrtext      000000
__Hcomram                comram       000000
__Hconfig                config       30000E
__Hconst                 const        000000
__HcstackCOMRAM          cstackCOMRAM 000000
__Hdata                  data         000000
__Heeprom_data           eeprom_data  000000
__Hend_init              end_init     000004
__Hfarbss                farbss       000000
__Hfardata               fardata      000000
__Hibigdata              ibigdata     000000
__Hidata                 idata        000000
__Hidloc                 idloc        200008
__Hifardata              ifardata     000000
__Hinit                  init         000000
__Hintcode               intcode      000000
__Hintcode_body          intcode_body 000000
__Hintcodelo             intcodelo    000000
__Hintentry              intentry     000000
__Hintret                intret       000000
__Hintsave_regs          intsave_regs 000000
__Hirdata                irdata       000000
__Hmediumconst           mediumconst  000000
__HnvFARRAM              nvFARRAM     000000
__Hnvbit                 nvbit        000000
__Hnvrram                nvrram       000000
__Hparam                 rparam       000000
__Hpowerup               powerup      000000
__Hram                   ram          000000
__Hramtop                ramtop       000300
__Hrbit                  rbit         000000
__Hrbss                  rbss         000000
__Hrdata                 rdata        000000
__Hreset_vec             reset_vec    000000
__Hrparam                rparam       000000
__Hsfr                   sfr          000000
__Hsmallconst            smallconst   000366
__Hspace_0               (abs)        30000E
__Hspace_1               (abs)        00003F
__Hspace_2               (abs)        000000
__Hstack                 stack        000000
__Hstruct                struct       000000
__Htemp                  temp         000000
__Htext                  text         000000
__Htext0                 text0        000000
__Htext1                 text1        000000
__Htext2                 text2        000000
__Htext3                 text3        000000
__Htext4                 text4        000000
__Htext5                 text5        000000
__Htext6                 text6        000000
__Htext7                 text7        000000
__Htext8                 text8        000000
__Htext9                 text9        000000
__LRAM                   (abs)        000001
__Labs1                  abs1         000000
__Lbank0                 bank0        000000
__Lbank1                 bank1        000000
__Lbank2                 bank2        000000
__Lbigbss                bigbss       000000
__Lbigdata               bigdata      000000
__Lbigram                bigram       000000
__Lbss                   bss          000000
__LbssCOMRAM             bssCOMRAM    000000
__Lcinit                 cinit        000000
__Lclrtext               clrtext      000000
__Lcomram                comram       000000
__Lconfig                config       300000
__Lconst                 const        000000
__LcstackCOMRAM          cstackCOMRAM 000000
__Ldata                  data         000000
__Leeprom_data           eeprom_data  000000
__Lend_init              end_init     000000
__Lfarbss                farbss       000000
__Lfardata               fardata      000000
__Libigdata              ibigdata     000000
__Lidata                 idata        000000
__Lidloc                 idloc        200000
__Lifardata              ifardata     000000
__Linit                  init         000000
__Lintcode               intcode      000000
__Lintcode_body          intcode_body 000000
__Lintcodelo             intcodelo    000000
__Lintentry              intentry     000000
__Lintret                intret       000000
__Lintsave_regs          intsave_regs 000000
__Lirdata                irdata       000000
__Lmediumconst           mediumconst  000000
__LnvFARRAM              nvFARRAM     000000
__Lnvbit                 nvbit        000000
__Lnvrram                nvrram       000000
__Lparam                 rparam       000000
__Lpowerup               powerup      000000
__Lram                   ram          000000
__Lramtop                ramtop       000300
__Lrbit                  rbit         000000
__Lrbss                  rbss         000000
__Lrdata                 rdata        000000
__Lreset_vec             reset_vec    000000
__Lrparam                rparam       000000
__Lsfr                   sfr          000000
__Lsmallconst            smallconst   000300
__Lspace_0               (abs)        000000
__Lspace_1               (abs)        000000
__Lspace_2               (abs)        000000
__Lstack                 stack        000000
__Lstruct                struct       000000
__Ltemp                  temp         000000
__Ltext                  text         000000
__Ltext0                 text0        000000
__Ltext1                 text1        000000
__Ltext2                 text2        000000
__Ltext3                 text3        000000
__Ltext4                 text4        000000
__Ltext5                 text5        000000
__Ltext6                 text6        000000
__Ltext7                 text7        000000
__Ltext8                 text8        000000
__Ltext9                 text9        000000
__S0                     (abs)        30000E
__S1                     (abs)        00003F
__S2                     (abs)        000000
___inthi_sp              stack        000000
___intlo_sp              stack        000000
___lwdiv                 text4        00059E
___lwdiv@counter         cstackCOMRAM 00002A
___lwdiv@dividend        cstackCOMRAM 000024
___lwdiv@divisor         cstackCOMRAM 000026
___lwdiv@quotient        cstackCOMRAM 000028
___lwmod                 text3        000640
___lwmod@counter         cstackCOMRAM 00002F
___lwmod@dividend        cstackCOMRAM 00002B
___lwmod@divisor         cstackCOMRAM 00002D
___param_bank            (abs)        000010
___rparam_used           (abs)        000001
___sp                    stack        000000
__accesstop              (abs)        000060
__activetblptr           (abs)        000002
__end_of_ECAN_Receive    text9        0006BA
__end_of_InitDevice      text5        000640
__end_of_InitECAN        text8        00053A
__end_of_InitUART        text7        0006E4
__end_of___lwdiv         text4        0005F0
__end_of___lwmod         text3        000682
__end_of__initialization cinit        0006C6
__end_of_adc_init        text6        0006F2
__end_of_dpowers         smallconst   00030B
__end_of_main            text0        00059E
__end_of_printf          text1        000484
__end_of_putch           text2        0006FE
__initialization         cinit        0006BA
__mediumconst            mediumconst  000000
__pbssCOMRAM             bssCOMRAM    000001
__pcinit                 cinit        0006BA
__pcstackCOMRAM          cstackCOMRAM 000024
__psmallconst            smallconst   000300
__ptext0                 text0        00053A
__ptext1                 text1        000366
__ptext2                 text2        0006F2
__ptext3                 text3        000640
__ptext4                 text4        00059E
__ptext5                 text5        0005F0
__ptext6                 text6        0006E4
__ptext7                 text7        0006D0
__ptext8                 text8        000484
__ptext9                 text9        000682
__ramtop                 ramtop       000300
__size_of_ECAN_Receive   (abs)        000000
__size_of_InitDevice     (abs)        000000
__size_of_InitECAN       (abs)        000000
__size_of_InitUART       (abs)        000000
__size_of___lwdiv        (abs)        000000
__size_of___lwmod        (abs)        000000
__size_of_adc_init       (abs)        000000
__size_of_main           (abs)        000000
__size_of_printf         (abs)        000000
__size_of_putch          (abs)        000000
__smallconst             smallconst   000300
_adc_init                text6        0006E4
_dpowers                 smallconst   000301
_main                    text0        00053A
_printf                  text1        000366
_putch                   text2        0006F2
_temp_D0                 bssCOMRAM    000016
_temp_D1                 bssCOMRAM    000017
_temp_D2                 bssCOMRAM    000018
_temp_D3                 bssCOMRAM    000019
_temp_D4                 bssCOMRAM    00001A
_temp_D5                 bssCOMRAM    00001B
_temp_D6                 bssCOMRAM    00001C
_temp_D7                 bssCOMRAM    00001D
_temp_DLC                bssCOMRAM    00001E
_temp_EIDH               bssCOMRAM    00001F
_temp_EIDL               bssCOMRAM    000020
_temp_SIDH               bssCOMRAM    000021
_temp_SIDL               bssCOMRAM    000022
_temperature             bssCOMRAM    000023
end_of_initialization    cinit        0006C6
intlevel0                text         000000
intlevel1                text         000000
intlevel2                text         000000
intlevel3                text         000000
main@x                   cstackCOMRAM 00003D
printf@ap                cstackCOMRAM 000035
printf@c                 cstackCOMRAM 00003B
printf@f                 cstackCOMRAM 000030
printf@flag              cstackCOMRAM 000037
printf@prec              cstackCOMRAM 000038
printf@val               cstackCOMRAM 000039
putch@byte               cstackCOMRAM 000024
stackhi                  (abs)        0002FF
stacklo                  (abs)        000060
start                    init         000000
start_initialization     cinit        0006BA


FUNCTION INFORMATION:

 *************** function _main *****************
 Defined at:
		line 95 in file "main_rxf.c"
 Parameters:    Size  Location     Type
		None
 Auto vars:     Size  Location     Type
  x               2   25[COMRAM] int 
 Return value:  Size  Location     Type
		None               void
 Registers used:
		wreg, fsr2l, fsr2h, status,2, status,0, tblptrl, tblptrh, tblptru, prodl, prodh, cstack
 Tracked objects:
		On entry : 
		On exit  : 
		Unchanged: 
 Data sizes:     COMRAM   BANK0   BANK1   BANK2
      Params:         0       0       0       0
      Locals:         2       0       0       0
      Temps:          1       0       0       0
      Totals:         3       0       0       0
Total ram usage:        3 bytes
 Hardware stack levels required when called:    2
 This function calls:
		_ECAN_Receive
		_InitDevice
		_printf
		_putch
 This function is called by:
		Startup code after reset
 This function uses a non-reentrant model


 *************** function _printf *****************
 Defined at:
		line 464 in file "C:\Program Files (x86)\Microchip\xc8\v1.35\sources\common\doprnt.c"
 Parameters:    Size  Location     Type
  f               2   12[COMRAM] PTR const unsigned char 
		 -> STR_4(30), STR_3(29), STR_2(26), STR_1(5), 
 Auto vars:     Size  Location     Type
  tmpval          4    0        struct .
  cp              3    0        PTR const unsigned char 
  val             2   21[COMRAM] unsigned int 
  ap              2   17[COMRAM] PTR void [1]
		 -> ?_printf(2), 
  len             2    0        unsigned int 
  c               1   23[COMRAM] char 
  prec            1   20[COMRAM] char 
  flag            1   19[COMRAM] unsigned char 
 Return value:  Size  Location     Type
                  2   12[COMRAM] int 
 Registers used:
		wreg, fsr2l, fsr2h, status,2, status,0, tblptrl, tblptrh, tblptru, prodl, prodh, cstack
 Tracked objects:
		On entry : 
		On exit  : 
		Unchanged: 
 Data sizes:     COMRAM   BANK0   BANK1   BANK2
      Params:         4       0       0       0
      Locals:         7       0       0       0
      Temps:          1       0       0       0
      Totals:        12       0       0       0
Total ram usage:       12 bytes
 Hardware stack levels used:    1
 Hardware stack levels required when called:    1
 This function calls:
		___lwdiv
		___lwmod
		_putch
 This function is called by:
		_main
 This function uses a non-reentrant model


 *************** function _putch *****************
 Defined at:
		line 264 in file "main_rxf.c"
 Parameters:    Size  Location     Type
  byte            1    wreg     unsigned char 
 Auto vars:     Size  Location     Type
  byte            1    0[COMRAM] unsigned char 
 Return value:  Size  Location     Type
		None               void
 Registers used:
		wreg
 Tracked objects:
		On entry : 
		On exit  : 
		Unchanged: 
 Data sizes:     COMRAM   BANK0   BANK1   BANK2
      Params:         0       0       0       0
      Locals:         1       0       0       0
      Temps:          0       0       0       0
      Totals:         1       0       0       0
Total ram usage:        1 bytes
 Hardware stack levels used:    1
 This function calls:
		Nothing
 This function is called by:
		_main
		_printf
 This function uses a non-reentrant model


 *************** function ___lwmod *****************
 Defined at:
		line 8 in file "C:\Program Files (x86)\Microchip\xc8\v1.35\sources\common\lwmod.c"
 Parameters:    Size  Location     Type
  dividend        2    7[COMRAM] unsigned int 
  divisor         2    9[COMRAM] unsigned int 
 Auto vars:     Size  Location     Type
  counter         1   11[COMRAM] unsigned char 
 Return value:  Size  Location     Type
                  2    7[COMRAM] unsigned int 
 Registers used:
		wreg, status,2, status,0
 Tracked objects:
		On entry : 
		On exit  : 
		Unchanged: 
 Data sizes:     COMRAM   BANK0   BANK1   BANK2
      Params:         4       0       0       0
      Locals:         1       0       0       0
      Temps:          0       0       0       0
      Totals:         5       0       0       0
Total ram usage:        5 bytes
 Hardware stack levels used:    1
 This function calls:
		Nothing
 This function is called by:
		_printf
 This function uses a non-reentrant model


 *************** function ___lwdiv *****************
 Defined at:
		line 8 in file "C:\Program Files (x86)\Microchip\xc8\v1.35\sources\common\lwdiv.c"
 Parameters:    Size  Location     Type
  dividend        2    0[COMRAM] unsigned int 
  divisor         2    2[COMRAM] unsigned int 
 Auto vars:     Size  Location     Type
  quotient        2    4[COMRAM] unsigned int 
  counter         1    6[COMRAM] unsigned char 
 Return value:  Size  Location     Type
                  2    0[COMRAM] unsigned int 
 Registers used:
		wreg, status,2, status,0
 Tracked objects:
		On entry : 
		On exit  : 
		Unchanged: 
 Data sizes:     COMRAM   BANK0   BANK1   BANK2
      Params:         4       0       0       0
      Locals:         3       0       0       0
      Temps:          0       0       0       0
      Totals:         7       0       0       0
Total ram usage:        7 bytes
 Hardware stack levels used:    1
 This function calls:
		Nothing
 This function is called by:
		_printf
 This function uses a non-reentrant model


 *************** function _InitDevice *****************
 Defined at:
		line 122 in file "main_rxf.c"
 Parameters:    Size  Location     Type
		None
 Auto vars:     Size  Location     Type
		None
 Return value:  Size  Location     Type
		None               void
 Registers used:
		wreg, status,2, status,0, cstack
 Tracked objects:
		On entry : 
		On exit  : 
		Unchanged: 
 Data sizes:     COMRAM   BANK0   BANK1   BANK2
      Params:         0       0       0       0
      Locals:         0       0       0       0
      Temps:          0       0       0       0
      Totals:         0       0       0       0
Total ram usage:        0 bytes
 Hardware stack levels used:    1
 Hardware stack levels required when called:    1
 This function calls:
		_InitECAN
		_InitUART
		_adc_init
 This function is called by:
		_main
 This function uses a non-reentrant model


 *************** function _adc_init *****************
 Defined at:
		line 269 in file "main_rxf.c"
 Parameters:    Size  Location     Type
		None
 Auto vars:     Size  Location     Type
		None
 Return value:  Size  Location     Type
		None               void
 Registers used:
		wreg, status,2
 Tracked objects:
		On entry : 
		On exit  : 
		Unchanged: 
 Data sizes:     COMRAM   BANK0   BANK1   BANK2
      Params:         0       0       0       0
      Locals:         0       0       0       0
      Temps:          0       0       0       0
      Totals:         0       0       0       0
Total ram usage:        0 bytes
 Hardware stack levels used:    1
 This function calls:
		Nothing
 This function is called by:
		_InitDevice
 This function uses a non-reentrant model


 *************** function _InitUART *****************
 Defined at:
		line 246 in file "main_rxf.c"
 Parameters:    Size  Location     Type
		None
 Auto vars:     Size  Location     Type
		None
 Return value:  Size  Location     Type
		None               void
 Registers used:
		wreg, status,2
 Tracked objects:
		On entry : 
		On exit  : 
		Unchanged: 
 Data sizes:     COMRAM   BANK0   BANK1   BANK2
      Params:         0       0       0       0
      Locals:         0       0       0       0
      Temps:          0       0       0       0
      Totals:         0       0       0       0
Total ram usage:        0 bytes
 Hardware stack levels used:    1
 This function calls:
		Nothing
 This function is called by:
		_InitDevice
 This function uses a non-reentrant model


 *************** function _InitECAN *****************
 Defined at:
		line 60 in file "ECAN_P18_rxf.c"
 Parameters:    Size  Location     Type
		None
 Auto vars:     Size  Location     Type
		None
 Return value:  Size  Location     Type
		None               void
 Registers used:
		wreg, status,2
 Tracked objects:
		On entry : 
		On exit  : 
		Unchanged: 
 Data sizes:     COMRAM   BANK0   BANK1   BANK2
      Params:         0       0       0       0
      Locals:         0       0       0       0
      Temps:          0       0       0       0
      Totals:         0       0       0       0
Total ram usage:        0 bytes
 Hardware stack levels used:    1
 This function calls:
		Nothing
 This function is called by:
		_InitDevice
 This function uses a non-reentrant model


 *************** function _ECAN_Receive *****************
 Defined at:
		line 192 in file "main_rxf.c"
 Parameters:    Size  Location     Type
		None
 Auto vars:     Size  Location     Type
		None
 Return value:  Size  Location     Type
                  1    wreg      unsigned char 
 Registers used:
		wreg
 Tracked objects:
		On entry : 
		On exit  : 
		Unchanged: 
 Data sizes:     COMRAM   BANK0   BANK1   BANK2
      Params:         0       0       0       0
      Locals:         0       0       0       0
      Temps:          0       0       0       0
      Totals:         0       0       0       0
Total ram usage:        0 bytes
 Hardware stack levels used:    1
 This function calls:
		Nothing
 This function is called by:
		_main
 This function uses a non-reentrant model



MODULE INFORMATION

Module		Function		Class		Link	Load	Size
main_rxf.c
		_InitUART      		CODE           	06D0	0000	21
		_putch         		CODE           	06F2	0000	13
		_main          		CODE           	053A	0000	101
		_InitDevice    		CODE           	05F0	0000	81
		_adc_init      		CODE           	06E4	0000	15
		_ECAN_Receive  		CODE           	0682	0000	57

main_rxf.c estimated size: 288

C:\Program Files (x86)\Microchip\xc8\v1.35\sources\common\lwmod.c
		___lwmod       		CODE           	0640	0000	67

C:\Program Files (x86)\Microchip\xc8\v1.35\sources\common\lwmod.c estimated size: 67

C:\Program Files (x86)\Microchip\xc8\v1.35\sources\common\doprnt.c
		_printf        		CODE           	0366	0000	287

C:\Program Files (x86)\Microchip\xc8\v1.35\sources\common\doprnt.c estimated size: 287

shared
		_dpowers       		SMALLCONST     	0301	0000	11
		__initialization		CODE           	06BA	0000	13

shared estimated size: 24

C:\Program Files (x86)\Microchip\xc8\v1.35\sources\common\lwdiv.c
		___lwdiv       		CODE           	059E	0000	83

C:\Program Files (x86)\Microchip\xc8\v1.35\sources\common\lwdiv.c estimated size: 83

ECAN_P18_rxf.c
		_InitECAN      		CODE           	0484	0000	183

ECAN_P18_rxf.c estimated size: 183

