Microchip MPLAB XC8 Compiler V1.35 ()

Linker command line:

--edf=C:\Program Files (x86)\Microchip\xc8\v1.35\dat\en_msgs.txt -cs \
  -h+dist/default/production\CAN_Receive.X.production.sym \
  --cmf=dist/default/production\CAN_Receive.X.production.cmf -z -Q18F2480 \
  -oC:\Users\CORNEL~1\AppData\Local\Temp\s3mk.2 \
  -Mdist/default/production/CAN_Receive.X.production.map -E1 -ver=XC8 \
  -ASTACK=060h-02ffh -pstack=STACK -ACODE=00h-03FFFh -ACONST=00h-03FFFh \
  -ASMALLCONST=0300h-03FFhx61 -AMEDIUMCONST=0300h-03FFFh -ACOMRAM=01h-05Fh \
  -AABS1=00h-02FFh -ABIGRAM=01h-02FFh -ARAM=060h-0FFh,0100h-01FFhx2 \
  -ABANK0=060h-0FFh -ABANK1=0100h-01FFh -ABANK2=0200h-02FFh \
  -ASFR=0D00h-0DFFhx2,0F00h-0F5Fh,0F60h-0FFFh \
  -preset_vec=00h,intcode,intcodelo,powerup,init,end_init -pramtop=0300h \
  -psmallconst=SMALLCONST -pmediumconst=MEDIUMCONST -pconst=CONST \
  -AFARRAM=00h-00h -ACONFIG=0300000h-030000Dh -pconfig=CONFIG \
  -AIDLOC=0200000h-0200007h -pidloc=IDLOC -AEEDATA=0F00000h-0F000FFh \
  -peeprom_data=EEDATA \
  -prdata=COMRAM,nvrram=COMRAM,nvbit=COMRAM,rbss=COMRAM,rbit=COMRAM \
  -pfarbss=FARRAM,fardata=FARRAM,nvFARRAM=FARRAM \
  -pintsave_regs=BIGRAM,bigbss=BIGRAM,bigdata=BIGRAM -pbss=RAM \
  -pidata=CODE,irdata=CODE,ibigdata=CODE,ifardata=CODE -prparam=COMRAM \
  C:\Users\CORNEL~1\AppData\Local\Temp\s3mk.obj \
  dist/default/production\CAN_Receive.X.production.obj 

Object code version is 3.11

Machine type is 18F2480

Call graph: (short form)




                Name                               Link     Load   Length Selector   Space Scale
C:\Users\CORNEL~1\AppData\Local\Temp\s3mk.obj
                end_init                              0        0        4        0       0
                idloc                            200000   200000        8   200000       0
                config                           300000   300000        E   300000       0
dist/default/production\CAN_Receive.X.production.obj
                smallconst                          300      300       66      180       0
                text8                               484      484       D6      1B3       0
                text7                               55A      55A       98      1B3       0
                text6                               71E      71E       14      1B3       0
                text5                               6E0      6E0       28      1B3       0
                text4                               64C      64C       52      1B3       0
                text3                               69E      69E       42      1B3       0
                text2                               732      732        C      1B3       0
                text1                               366      366      11E      1B3       0
                text0                               5F2      5F2       5A      1B3       0
                cstackCOMRAM                          1        1       18        1       1
                bssCOMRAM                            19       19       13        1       1
                cinit                               708      708       16      1B3       0

TOTAL           Name                               Link     Load   Length     Space
        CLASS   STACK          

        CLASS   CODE           
                end_init                              0        0        4         0
                text8                               484      484       D6         0
                text7                               55A      55A       98         0
                text6                               71E      71E       14         0
                text5                               6E0      6E0       28         0
                text4                               64C      64C       52         0
                text3                               69E      69E       42         0
                text2                               732      732        C         0
                text1                               366      366      11E         0
                text0                               5F2      5F2       5A         0
                cinit                               708      708       16         0

        CLASS   CONST          

        CLASS   SMALLCONST     
                smallconst                          300      300       66         0

        CLASS   MEDIUMCONST    

        CLASS   COMRAM         
                cstackCOMRAM                          1        1       18         1
                bssCOMRAM                            19       19       13         1

        CLASS   ABS1           

        CLASS   BIGRAM         

        CLASS   RAM            

        CLASS   BANK0          

        CLASS   BANK1          

        CLASS   BANK2          

        CLASS   SFR            

        CLASS   FARRAM         

        CLASS   CONFIG         
                config                           300000   300000        E         0

        CLASS   IDLOC          
                idloc                            200000   200000        8         0

        CLASS   EEDATA         



SEGMENTS        Name                           Load    Length   Top    Selector   Space  Class

                reset_vec                      000000  000004  000004         0       0  CODE    
                cstackCOMRAM                   000001  00002B  00002C         1       1  COMRAM  
                smallconst                     000300  000066  000366       180       0  SMALLCON
                text1                          000366  0003D8  00073E       1B3       0  CODE    
                idloc                          200000  000008  200008    200000       0  IDLOC   
                config                         300000  00000E  30000E    300000       0  CONFIG  


UNUSED ADDRESS RANGES

        Name                Unused          Largest block    Delta
        BANK0            000060-0000FF               A0
        BANK1            000100-0001FF              100
        BANK2            000200-0002FF              100
        BIGRAM           00002C-0002FF              2D4
        CODE             000004-0002FF              2FC
                         00073E-003FFF             38C2
        COMRAM           00002C-00005F               34
        CONST            000004-0002FF              2FC
                         00073E-003FFF             38C2
        EEDATA           F00000-F000FF              100
        MEDIUMCONST      00073E-003FFF             38C2
        RAM              000060-0002FF              100
        SFR              000D00-000FFF              100
        SMALLCONST       00073E-003FFF              100
        STACK            000060-0002FF              2A0

                                  Symbol Table

?___lwdiv                cstackCOMRAM 000001
?___lwmod                cstackCOMRAM 000008
?_printf                 cstackCOMRAM 00000D
ECAN_Receive@RXMsgFlag   cstackCOMRAM 000001
_ADCON1bits              (abs)        000FC1
_B0CONbits               (abs)        000E20
_B0D0                    (abs)        000E26
_B0D1                    (abs)        000E27
_B0D2                    (abs)        000E28
_B0D3                    (abs)        000E29
_B0D4                    (abs)        000E2A
_B0D5                    (abs)        000E2B
_B0D6                    (abs)        000E2C
_B0D7                    (abs)        000E2D
_B0DLC                   (abs)        000E25
_B0EIDH                  (abs)        000E23
_B0EIDL                  (abs)        000E24
_B0SIDH                  (abs)        000E21
_B0SIDL                  (abs)        000E22
_BAUDCONbits             (abs)        000FB8
_BRGCON1                 (abs)        000F70
_BRGCON2                 (abs)        000F71
_BRGCON3                 (abs)        000F72
_CANCON                  (abs)        000F6F
_CANSTAT                 (abs)        000F6E
_CAN_RX_Adress_H         bssCOMRAM    00001B
_CAN_RX_Adress_L         bssCOMRAM    00001C
_CAN_TX_Adress_H         bssCOMRAM    00001D
_CAN_TX_Adress_L         bssCOMRAM    00001E
_CIOCONbits              (abs)        000F73
_ECANCON                 (abs)        000F77
_ECAN_Receive            text8        000484
_InitDevice              text5        0006E0
_InitECAN                text7        00055A
_InitUART                text6        00071E
_LATAbits                (abs)        000F89
_OSCCONbits              (abs)        000FD3
_OSCTUNEbits             (abs)        000F9B
_RCSTAbits               (abs)        000FAB
_RXB0CON                 (abs)        000F60
_RXB0CONbits             (abs)        000F60
_RXB0D0                  (abs)        000F66
_RXB0D1                  (abs)        000F67
_RXB0D2                  (abs)        000F68
_RXB0D3                  (abs)        000F69
_RXB0D4                  (abs)        000F6A
_RXB0D5                  (abs)        000F6B
_RXB0D6                  (abs)        000F6C
_RXB0D7                  (abs)        000F6D
_RXB0DLC                 (abs)        000F65
_RXB0EIDH                (abs)        000F63
_RXB0EIDL                (abs)        000F64
_RXB0SIDH                (abs)        000F61
_RXB0SIDL                (abs)        000F62
_RXB1CON                 (abs)        000F50
_RXB1CONbits             (abs)        000F50
_RXB1D0                  (abs)        000F56
_RXB1D1                  (abs)        000F57
_RXB1D2                  (abs)        000F58
_RXB1D3                  (abs)        000F59
_RXB1D4                  (abs)        000F5A
_RXB1D5                  (abs)        000F5B
_RXB1D6                  (abs)        000F5C
_RXB1D7                  (abs)        000F5D
_RXB1DLC                 (abs)        000F55
_RXB1EIDH                (abs)        000F53
_RXB1EIDL                (abs)        000F54
_RXB1IF                  (abs)        007D21
_RXB1SIDH                (abs)        000F51
_RXB1SIDL                (abs)        000F52
_RXF0EIDH                (abs)        000F02
_RXF0EIDL                (abs)        000F03
_RXF0SIDH                (abs)        000F00
_RXF0SIDL                (abs)        000F01
_RXF2EIDH                (abs)        000F0A
_RXF2EIDL                (abs)        000F0B
_RXF2SIDH                (abs)        000F08
_RXF2SIDL                (abs)        000F09
_RXFCON0                 (abs)        000DD4
_RXFCON1                 (abs)        000DD5
_RXM0EIDH                (abs)        000F1A
_RXM0EIDL                (abs)        000F1B
_RXM0SIDH                (abs)        000F18
_RXM0SIDL                (abs)        000F19
_RXM1EIDH                (abs)        000F1E
_RXM1EIDL                (abs)        000F1F
_RXM1SIDH                (abs)        000F1C
_RXM1SIDL                (abs)        000F1D
_SPBRG                   (abs)        000FAF
_TRISAbits               (abs)        000F92
_TRISBbits               (abs)        000F93
_TRISCbits               (abs)        000F94
_TXB0CONbits             (abs)        000F40
_TXB0D0                  (abs)        000F46
_TXB0D1                  (abs)        000F47
_TXB0D2                  (abs)        000F48
_TXB0D3                  (abs)        000F49
_TXB0D4                  (abs)        000F4A
_TXB0D5                  (abs)        000F4B
_TXB0D6                  (abs)        000F4C
_TXB0D7                  (abs)        000F4D
_TXB0DLC                 (abs)        000F45
_TXB0EIDH                (abs)        000F43
_TXB0EIDL                (abs)        000F44
_TXB0SIDH                (abs)        000F41
_TXB0SIDL                (abs)        000F42
_TXREG                   (abs)        000FAD
_TXSTAbits               (abs)        000FAC
__CFG_BBSIZ$1024         (abs)        000000
__CFG_BOREN$OFF          (abs)        000000
__CFG_BORV$0             (abs)        000000
__CFG_CP0$OFF            (abs)        000000
__CFG_CP1$OFF            (abs)        000000
__CFG_CPB$OFF            (abs)        000000
__CFG_CPD$OFF            (abs)        000000
__CFG_EBTR0$OFF          (abs)        000000
__CFG_EBTR1$OFF          (abs)        000000
__CFG_EBTRB$OFF          (abs)        000000
__CFG_FCMEN$OFF          (abs)        000000
__CFG_IESO$OFF           (abs)        000000
__CFG_LPT1OSC$OFF        (abs)        000000
__CFG_LVP$ON             (abs)        000000
__CFG_MCLRE$OFF          (abs)        000000
__CFG_OSC$IRCIO67        (abs)        000000
__CFG_PBADEN$OFF         (abs)        000000
__CFG_PWRT$ON            (abs)        000000
__CFG_STVREN$ON          (abs)        000000
__CFG_WDT$OFF            (abs)        000000
__CFG_WDTPS$32768        (abs)        000000
__CFG_WRT0$OFF           (abs)        000000
__CFG_WRT1$OFF           (abs)        000000
__CFG_WRTB$OFF           (abs)        000000
__CFG_WRTC$OFF           (abs)        000000
__CFG_WRTD$OFF           (abs)        000000
__CFG_XINST$OFF          (abs)        000000
__HRAM                   (abs)        000000
__Habs1                  abs1         000000
__Hbank0                 bank0        000000
__Hbank1                 bank1        000000
__Hbank2                 bank2        000000
__Hbigbss                bigbss       000000
__Hbigdata               bigdata      000000
__Hbigram                bigram       000000
__Hbss                   bss          000000
__HbssCOMRAM             bssCOMRAM    000000
__Hcinit                 cinit        000000
__Hclrtext               clrtext      000000
__Hcomram                comram       000000
__Hconfig                config       30000E
__Hconst                 const        000000
__HcstackCOMRAM          cstackCOMRAM 000000
__Hdata                  data         000000
__Heeprom_data           eeprom_data  000000
__Hend_init              end_init     000004
__Hfarbss                farbss       000000
__Hfardata               fardata      000000
__Hibigdata              ibigdata     000000
__Hidata                 idata        000000
__Hidloc                 idloc        200008
__Hifardata              ifardata     000000
__Hinit                  init         000000
__Hintcode               intcode      000000
__Hintcode_body          intcode_body 000000
__Hintcodelo             intcodelo    000000
__Hintentry              intentry     000000
__Hintret                intret       000000
__Hintsave_regs          intsave_regs 000000
__Hirdata                irdata       000000
__Hmediumconst           mediumconst  000000
__HnvFARRAM              nvFARRAM     000000
__Hnvbit                 nvbit        000000
__Hnvrram                nvrram       000000
__Hparam                 rparam       000000
__Hpowerup               powerup      000000
__Hram                   ram          000000
__Hramtop                ramtop       000300
__Hrbit                  rbit         000000
__Hrbss                  rbss         000000
__Hrdata                 rdata        000000
__Hreset_vec             reset_vec    000000
__Hrparam                rparam       000000
__Hsfr                   sfr          000000
__Hsmallconst            smallconst   000366
__Hspace_0               (abs)        30000E
__Hspace_1               (abs)        00002C
__Hspace_2               (abs)        000000
__Hstack                 stack        000000
__Hstruct                struct       000000
__Htemp                  temp         000000
__Htext                  text         000000
__Htext0                 text0        000000
__Htext1                 text1        000000
__Htext2                 text2        000000
__Htext3                 text3        000000
__Htext4                 text4        000000
__Htext5                 text5        000000
__Htext6                 text6        000000
__Htext7                 text7        000000
__Htext8                 text8        000000
__LRAM                   (abs)        000001
__Labs1                  abs1         000000
__Lbank0                 bank0        000000
__Lbank1                 bank1        000000
__Lbank2                 bank2        000000
__Lbigbss                bigbss       000000
__Lbigdata               bigdata      000000
__Lbigram                bigram       000000
__Lbss                   bss          000000
__LbssCOMRAM             bssCOMRAM    000000
__Lcinit                 cinit        000000
__Lclrtext               clrtext      000000
__Lcomram                comram       000000
__Lconfig                config       300000
__Lconst                 const        000000
__LcstackCOMRAM          cstackCOMRAM 000000
__Ldata                  data         000000
__Leeprom_data           eeprom_data  000000
__Lend_init              end_init     000000
__Lfarbss                farbss       000000
__Lfardata               fardata      000000
__Libigdata              ibigdata     000000
__Lidata                 idata        000000
__Lidloc                 idloc        200000
__Lifardata              ifardata     000000
__Linit                  init         000000
__Lintcode               intcode      000000
__Lintcode_body          intcode_body 000000
__Lintcodelo             intcodelo    000000
__Lintentry              intentry     000000
__Lintret                intret       000000
__Lintsave_regs          intsave_regs 000000
__Lirdata                irdata       000000
__Lmediumconst           mediumconst  000000
__LnvFARRAM              nvFARRAM     000000
__Lnvbit                 nvbit        000000
__Lnvrram                nvrram       000000
__Lparam                 rparam       000000
__Lpowerup               powerup      000000
__Lram                   ram          000000
__Lramtop                ramtop       000300
__Lrbit                  rbit         000000
__Lrbss                  rbss         000000
__Lrdata                 rdata        000000
__Lreset_vec             reset_vec    000000
__Lrparam                rparam       000000
__Lsfr                   sfr          000000
__Lsmallconst            smallconst   000300
__Lspace_0               (abs)        000000
__Lspace_1               (abs)        000000
__Lspace_2               (abs)        000000
__Lstack                 stack        000000
__Lstruct                struct       000000
__Ltemp                  temp         000000
__Ltext                  text         000000
__Ltext0                 text0        000000
__Ltext1                 text1        000000
__Ltext2                 text2        000000
__Ltext3                 text3        000000
__Ltext4                 text4        000000
__Ltext5                 text5        000000
__Ltext6                 text6        000000
__Ltext7                 text7        000000
__Ltext8                 text8        000000
__S0                     (abs)        30000E
__S1                     (abs)        00002C
__S2                     (abs)        000000
___inthi_sp              stack        000000
___intlo_sp              stack        000000
___lwdiv                 text4        00064C
___lwdiv@counter         cstackCOMRAM 000007
___lwdiv@dividend        cstackCOMRAM 000001
___lwdiv@divisor         cstackCOMRAM 000003
___lwdiv@quotient        cstackCOMRAM 000005
___lwmod                 text3        00069E
___lwmod@counter         cstackCOMRAM 00000C
___lwmod@dividend        cstackCOMRAM 000008
___lwmod@divisor         cstackCOMRAM 00000A
___param_bank            (abs)        000010
___rparam_used           (abs)        000001
___sp                    stack        000000
__accesstop              (abs)        000060
__activetblptr           (abs)        000002
__end_of_ECAN_Receive    text8        00055A
__end_of_InitDevice      text5        000708
__end_of_InitECAN        text7        0005F2
__end_of_InitUART        text6        000732
__end_of___lwdiv         text4        00069E
__end_of___lwmod         text3        0006E0
__end_of__initialization cinit        000714
__end_of_dpowers         smallconst   00030B
__end_of_main            text0        00064C
__end_of_printf          text1        000484
__end_of_putch           text2        00073E
__initialization         cinit        000708
__mediumconst            mediumconst  000000
__pbssCOMRAM             bssCOMRAM    000019
__pcinit                 cinit        000708
__pcstackCOMRAM          cstackCOMRAM 000001
__psmallconst            smallconst   000300
__ptext0                 text0        0005F2
__ptext1                 text1        000366
__ptext2                 text2        000732
__ptext3                 text3        00069E
__ptext4                 text4        00064C
__ptext5                 text5        0006E0
__ptext6                 text6        00071E
__ptext7                 text7        00055A
__ptext8                 text8        000484
__ramtop                 ramtop       000300
__size_of_ECAN_Receive   (abs)        000000
__size_of_InitDevice     (abs)        000000
__size_of_InitECAN       (abs)        000000
__size_of_InitUART       (abs)        000000
__size_of___lwdiv        (abs)        000000
__size_of___lwmod        (abs)        000000
__size_of_main           (abs)        000000
__size_of_printf         (abs)        000000
__size_of_putch          (abs)        000000
__smallconst             smallconst   000300
_dpowers                 smallconst   000301
_heartbeatCount          bssCOMRAM    000019
_main                    text0        0005F2
_printf                  text1        000366
_putch                   text2        000732
_temp_D0                 bssCOMRAM    00001F
_temp_D1                 bssCOMRAM    000020
_temp_D2                 bssCOMRAM    000021
_temp_D3                 bssCOMRAM    000022
_temp_D4                 bssCOMRAM    000023
_temp_D5                 bssCOMRAM    000024
_temp_D6                 bssCOMRAM    000025
_temp_D7                 bssCOMRAM    000026
_temp_DLC                bssCOMRAM    000027
_temp_EIDH               bssCOMRAM    000028
_temp_EIDL               bssCOMRAM    000029
_temp_SIDH               bssCOMRAM    00002A
_temp_SIDL               bssCOMRAM    00002B
end_of_initialization    cinit        000714
intlevel0                text         000000
intlevel1                text         000000
intlevel2                text         000000
intlevel3                text         000000
printf@ap                cstackCOMRAM 000012
printf@c                 cstackCOMRAM 000018
printf@f                 cstackCOMRAM 00000D
printf@flag              cstackCOMRAM 000014
printf@prec              cstackCOMRAM 000015
printf@val               cstackCOMRAM 000016
putch@byte               cstackCOMRAM 000001
stackhi                  (abs)        0002FF
stacklo                  (abs)        000060
start                    init         000000
start_initialization     cinit        000708


FUNCTION INFORMATION:

 *************** function _main *****************
 Defined at:
		line 71 in file "main.c"
 Parameters:    Size  Location     Type
		None
 Auto vars:     Size  Location     Type
		None
 Return value:  Size  Location     Type
		None               void
 Registers used:
		wreg, fsr2l, fsr2h, status,2, status,0, tblptrl, tblptrh, tblptru, prodl, prodh, cstack
 Tracked objects:
		On entry : 
		On exit  : 
		Unchanged: 
 Data sizes:     COMRAM   BANK0   BANK1   BANK2
      Params:         0       0       0       0
      Locals:         0       0       0       0
      Temps:          0       0       0       0
      Totals:         0       0       0       0
Total ram usage:        0 bytes
 Hardware stack levels required when called:    2
 This function calls:
		_ECAN_Receive
		_InitDevice
		_printf
		_putch
 This function is called by:
		Startup code after reset
 This function uses a non-reentrant model


 *************** function _printf *****************
 Defined at:
		line 464 in file "C:\Program Files (x86)\Microchip\xc8\v1.35\sources\common\doprnt.c"
 Parameters:    Size  Location     Type
  f               2   12[COMRAM] PTR const unsigned char 
		 -> STR_4(30), STR_3(29), STR_2(26), STR_1(5), 
 Auto vars:     Size  Location     Type
  tmpval          4    0        struct .
  cp              3    0        PTR const unsigned char 
  val             2   21[COMRAM] unsigned int 
  ap              2   17[COMRAM] PTR void [1]
		 -> ?_printf(2), 
  len             2    0        unsigned int 
  c               1   23[COMRAM] char 
  prec            1   20[COMRAM] char 
  flag            1   19[COMRAM] unsigned char 
 Return value:  Size  Location     Type
                  2   12[COMRAM] int 
 Registers used:
		wreg, fsr2l, fsr2h, status,2, status,0, tblptrl, tblptrh, tblptru, prodl, prodh, cstack
 Tracked objects:
		On entry : 
		On exit  : 
		Unchanged: 
 Data sizes:     COMRAM   BANK0   BANK1   BANK2
      Params:         4       0       0       0
      Locals:         7       0       0       0
      Temps:          1       0       0       0
      Totals:        12       0       0       0
Total ram usage:       12 bytes
 Hardware stack levels used:    1
 Hardware stack levels required when called:    1
 This function calls:
		___lwdiv
		___lwmod
		_putch
 This function is called by:
		_main
 This function uses a non-reentrant model


 *************** function _putch *****************
 Defined at:
		line 197 in file "main.c"
 Parameters:    Size  Location     Type
  byte            1    wreg     unsigned char 
 Auto vars:     Size  Location     Type
  byte            1    0[COMRAM] unsigned char 
 Return value:  Size  Location     Type
		None               void
 Registers used:
		wreg
 Tracked objects:
		On entry : 
		On exit  : 
		Unchanged: 
 Data sizes:     COMRAM   BANK0   BANK1   BANK2
      Params:         0       0       0       0
      Locals:         1       0       0       0
      Temps:          0       0       0       0
      Totals:         1       0       0       0
Total ram usage:        1 bytes
 Hardware stack levels used:    1
 This function calls:
		Nothing
 This function is called by:
		_main
		_printf
 This function uses a non-reentrant model


 *************** function ___lwmod *****************
 Defined at:
		line 8 in file "C:\Program Files (x86)\Microchip\xc8\v1.35\sources\common\lwmod.c"
 Parameters:    Size  Location     Type
  dividend        2    7[COMRAM] unsigned int 
  divisor         2    9[COMRAM] unsigned int 
 Auto vars:     Size  Location     Type
  counter         1   11[COMRAM] unsigned char 
 Return value:  Size  Location     Type
                  2    7[COMRAM] unsigned int 
 Registers used:
		wreg, status,2, status,0
 Tracked objects:
		On entry : 
		On exit  : 
		Unchanged: 
 Data sizes:     COMRAM   BANK0   BANK1   BANK2
      Params:         4       0       0       0
      Locals:         1       0       0       0
      Temps:          0       0       0       0
      Totals:         5       0       0       0
Total ram usage:        5 bytes
 Hardware stack levels used:    1
 This function calls:
		Nothing
 This function is called by:
		_printf
 This function uses a non-reentrant model


 *************** function ___lwdiv *****************
 Defined at:
		line 8 in file "C:\Program Files (x86)\Microchip\xc8\v1.35\sources\common\lwdiv.c"
 Parameters:    Size  Location     Type
  dividend        2    0[COMRAM] unsigned int 
  divisor         2    2[COMRAM] unsigned int 
 Auto vars:     Size  Location     Type
  quotient        2    4[COMRAM] unsigned int 
  counter         1    6[COMRAM] unsigned char 
 Return value:  Size  Location     Type
                  2    0[COMRAM] unsigned int 
 Registers used:
		wreg, status,2, status,0
 Tracked objects:
		On entry : 
		On exit  : 
		Unchanged: 
 Data sizes:     COMRAM   BANK0   BANK1   BANK2
      Params:         4       0       0       0
      Locals:         3       0       0       0
      Temps:          0       0       0       0
      Totals:         7       0       0       0
Total ram usage:        7 bytes
 Hardware stack levels used:    1
 This function calls:
		Nothing
 This function is called by:
		_printf
 This function uses a non-reentrant model


 *************** function _InitDevice *****************
 Defined at:
		line 99 in file "main.c"
 Parameters:    Size  Location     Type
		None
 Auto vars:     Size  Location     Type
		None
 Return value:  Size  Location     Type
		None               void
 Registers used:
		wreg, status,2, cstack
 Tracked objects:
		On entry : 
		On exit  : 
		Unchanged: 
 Data sizes:     COMRAM   BANK0   BANK1   BANK2
      Params:         0       0       0       0
      Locals:         0       0       0       0
      Temps:          0       0       0       0
      Totals:         0       0       0       0
Total ram usage:        0 bytes
 Hardware stack levels used:    1
 Hardware stack levels required when called:    1
 This function calls:
		_InitECAN
		_InitUART
 This function is called by:
		_main
 This function uses a non-reentrant model


 *************** function _InitUART *****************
 Defined at:
		line 179 in file "main.c"
 Parameters:    Size  Location     Type
		None
 Auto vars:     Size  Location     Type
		None
 Return value:  Size  Location     Type
		None               void
 Registers used:
		wreg, status,2
 Tracked objects:
		On entry : 
		On exit  : 
		Unchanged: 
 Data sizes:     COMRAM   BANK0   BANK1   BANK2
      Params:         0       0       0       0
      Locals:         0       0       0       0
      Temps:          0       0       0       0
      Totals:         0       0       0       0
Total ram usage:        0 bytes
 Hardware stack levels used:    1
 This function calls:
		Nothing
 This function is called by:
		_InitDevice
 This function uses a non-reentrant model


 *************** function _InitECAN *****************
 Defined at:
		line 63 in file "ECAN_P18.c"
 Parameters:    Size  Location     Type
		None
 Auto vars:     Size  Location     Type
		None
 Return value:  Size  Location     Type
		None               void
 Registers used:
		wreg, status,2
 Tracked objects:
		On entry : 
		On exit  : 
		Unchanged: 
 Data sizes:     COMRAM   BANK0   BANK1   BANK2
      Params:         0       0       0       0
      Locals:         0       0       0       0
      Temps:          0       0       0       0
      Totals:         0       0       0       0
Total ram usage:        0 bytes
 Hardware stack levels used:    1
 This function calls:
		Nothing
 This function is called by:
		_InitDevice
 This function uses a non-reentrant model


 *************** function _ECAN_Receive *****************
 Defined at:
		line 159 in file "ECAN_P18.c"
 Parameters:    Size  Location     Type
		None
 Auto vars:     Size  Location     Type
  RXMsgFlag       1    0[COMRAM] unsigned char 
 Return value:  Size  Location     Type
                  1    wreg      unsigned char 
 Registers used:
		wreg, status,2, status,0
 Tracked objects:
		On entry : 
		On exit  : 
		Unchanged: 
 Data sizes:     COMRAM   BANK0   BANK1   BANK2
      Params:         0       0       0       0
      Locals:         1       0       0       0
      Temps:          0       0       0       0
      Totals:         1       0       0       0
Total ram usage:        1 bytes
 Hardware stack levels used:    1
 This function calls:
		Nothing
 This function is called by:
		_main
 This function uses a non-reentrant model



MODULE INFORMATION

Module		Function		Class		Link	Load	Size
C:\Program Files (x86)\Microchip\xc8\v1.35\sources\common\lwmod.c
		___lwmod       		CODE           	069E	0000	67

C:\Program Files (x86)\Microchip\xc8\v1.35\sources\common\lwmod.c estimated size: 67

C:\Program Files (x86)\Microchip\xc8\v1.35\sources\common\doprnt.c
		_printf        		CODE           	0366	0000	287

C:\Program Files (x86)\Microchip\xc8\v1.35\sources\common\doprnt.c estimated size: 287

shared
		_dpowers       		SMALLCONST     	0301	0000	11
		__initialization		CODE           	0708	0000	13

shared estimated size: 24

ECAN_P18.c
		_InitECAN      		CODE           	055A	0000	153
		_ECAN_Receive  		CODE           	0484	0000	215

ECAN_P18.c estimated size: 368

C:\Program Files (x86)\Microchip\xc8\v1.35\sources\common\lwdiv.c
		___lwdiv       		CODE           	064C	0000	83

C:\Program Files (x86)\Microchip\xc8\v1.35\sources\common\lwdiv.c estimated size: 83

main.c
		_InitUART      		CODE           	071E	0000	21
		_putch         		CODE           	0732	0000	13
		_main          		CODE           	05F2	0000	91
		_InitDevice    		CODE           	06E0	0000	41

main.c estimated size: 166

