Microchip MPLAB XC8 Compiler V1.35 ()

Linker command line:

--edf=C:\Program Files (x86)\Microchip\xc8\v1.35\dat\en_msgs.txt -cs \
  -h+dist/default/production\CAN_test_SJ.X.production.sym \
  --cmf=dist/default/production\CAN_test_SJ.X.production.cmf -z -Q18F2480 \
  -oC:\Users\CORNEL~1\AppData\Local\Temp\s6lk.2 \
  -Mdist/default/production/CAN_test_SJ.X.production.map -E1 -ver=XC8 \
  -ASTACK=060h-02ffh -pstack=STACK -ACODE=00h-03FFFh -ACONST=00h-03FFFh \
  -ASMALLCONST=0300h-03FFhx61 -AMEDIUMCONST=0300h-03FFFh -ACOMRAM=01h-05Fh \
  -AABS1=00h-02FFh -ABIGRAM=01h-02FFh -ARAM=060h-0FFh,0100h-01FFhx2 \
  -ABANK0=060h-0FFh -ABANK1=0100h-01FFh -ABANK2=0200h-02FFh \
  -ASFR=0D00h-0DFFhx2,0F00h-0F5Fh,0F60h-0FFFh \
  -preset_vec=00h,intcode,intcodelo,powerup,init,end_init -pramtop=0300h \
  -psmallconst=SMALLCONST -pmediumconst=MEDIUMCONST -pconst=CONST \
  -AFARRAM=00h-00h -ACONFIG=0300000h-030000Dh -pconfig=CONFIG \
  -AIDLOC=0200000h-0200007h -pidloc=IDLOC -AEEDATA=0F00000h-0F000FFh \
  -peeprom_data=EEDATA \
  -prdata=COMRAM,nvrram=COMRAM,nvbit=COMRAM,rbss=COMRAM,rbit=COMRAM \
  -pfarbss=FARRAM,fardata=FARRAM,nvFARRAM=FARRAM \
  -pintsave_regs=BIGRAM,bigbss=BIGRAM,bigdata=BIGRAM -pbss=RAM \
  -pidata=CODE,irdata=CODE,ibigdata=CODE,ifardata=CODE -prparam=COMRAM \
  C:\Users\CORNEL~1\AppData\Local\Temp\s6lk.obj \
  dist/default/production\CAN_test_SJ.X.production.obj 

Object code version is 3.11

Machine type is 18F2480

Call graph: (short form)




                Name                               Link     Load   Length Selector   Space Scale
C:\Users\CORNEL~1\AppData\Local\Temp\s6lk.obj
                end_init                              0        0        4        0       0
                idloc                            200000   200000        8   200000       0
                config                           300000   300000        E   300000       0
dist/default/production\CAN_test_SJ.X.production.obj
                text5                              3E98     3E98       12     1F4C       0
                text4                              3F18     3F18       50     1F8C       0
                text3                              3ED6     3ED6       1C     1F6B       0
                text2                              3F68     3F68       98     1FB4       0
                text1                              3EF2     3EF2       26     1F79       0
                text0                              3EBC     3EBC       1A     1F5E       0
                cstackCOMRAM                         14       14        2        1       1
                bssCOMRAM                             1        1       13        1       1
                cinit                              3EAA     3EAA       12     1F55       0

TOTAL           Name                               Link     Load   Length     Space
        CLASS   STACK          

        CLASS   CODE           
                end_init                              0        0        4         0
                text5                              3E98     3E98       12         0
                text4                              3F18     3F18       50         0
                text3                              3ED6     3ED6       1C         0
                text2                              3F68     3F68       98         0
                text1                              3EF2     3EF2       26         0
                text0                              3EBC     3EBC       1A         0
                cinit                              3EAA     3EAA       12         0

        CLASS   CONST          

        CLASS   SMALLCONST     

        CLASS   MEDIUMCONST    

        CLASS   COMRAM         
                cstackCOMRAM                         14       14        2         1
                bssCOMRAM                             1        1       13         1

        CLASS   ABS1           

        CLASS   BIGRAM         

        CLASS   RAM            

        CLASS   BANK0          

        CLASS   BANK1          

        CLASS   BANK2          

        CLASS   SFR            

        CLASS   FARRAM         

        CLASS   CONFIG         
                config                           300000   300000        E         0

        CLASS   IDLOC          
                idloc                            200000   200000        8         0

        CLASS   EEDATA         



SEGMENTS        Name                           Load    Length   Top    Selector   Space  Class

                reset_vec                      000000  000004  000004         0       0  CODE    
                bssCOMRAM                      000001  000015  000016         1       1  COMRAM  
                text5                          003E98  000012  003EAA      1F4C       0  CODE    
                cinit                          003EAA  000012  003EBC      1F55       0  CODE    
                text0                          003EBC  00001A  003ED6      1F5E       0  CODE    
                text3                          003ED6  00001C  003EF2      1F6B       0  CODE    
                text1                          003EF2  000026  003F18      1F79       0  CODE    
                text4                          003F18  000050  003F68      1F8C       0  CODE    
                text2                          003F68  000098  004000      1FB4       0  CODE    
                idloc                          200000  000008  200008    200000       0  IDLOC   
                config                         300000  00000E  30000E    300000       0  CONFIG  


UNUSED ADDRESS RANGES

        Name                Unused          Largest block    Delta
        BANK0            000060-0000FF               A0
        BANK1            000100-0001FF              100
        BANK2            000200-0002FF              100
        BIGRAM           000016-0002FF              2EA
        CODE             000004-003E97             3E94
        COMRAM           000016-00005F               4A
        CONST            000004-003E97             3E94
        EEDATA           F00000-F000FF              100
        MEDIUMCONST      000300-003E97             3B98
        RAM              000060-0002FF              100
        SFR              000D00-000FFF              100
        SMALLCONST       000300-003E97              100
        STACK            000060-0002FF              2A0

                                  Symbol Table

Delay@count              cstackCOMRAM 000014
_ADCON1bits              (abs)        000FC1
_B0CONbits               (abs)        000E20
_B0D0                    (abs)        000E26
_B0D1                    (abs)        000E27
_B0D2                    (abs)        000E28
_B0D3                    (abs)        000E29
_B0D4                    (abs)        000E2A
_B0D5                    (abs)        000E2B
_B0D6                    (abs)        000E2C
_B0D7                    (abs)        000E2D
_B0DLC                   (abs)        000E25
_B0EIDH                  (abs)        000E23
_B0EIDL                  (abs)        000E24
_B0SIDH                  (abs)        000E21
_B0SIDL                  (abs)        000E22
_BRGCON1                 (abs)        000F70
_BRGCON2                 (abs)        000F71
_BRGCON3                 (abs)        000F72
_CANCON                  (abs)        000F6F
_CANSTAT                 (abs)        000F6E
_CAN_RX_Adress_H         bssCOMRAM    000003
_CAN_RX_Adress_L         bssCOMRAM    000004
_CAN_TX_Adress_H         bssCOMRAM    000005
_CAN_TX_Adress_L         bssCOMRAM    000006
_CIOCONbits              (abs)        000F73
_Delay                   text5        003E98
_ECANCON                 (abs)        000F77
_ECAN_Transmit           text4        003F18
_Heartbeat               text3        003ED6
_InitDevice              text1        003EF2
_InitECAN                text2        003F68
_LATB                    (abs)        000F8A
_LATBbits                (abs)        000F8A
_OSCCONbits              (abs)        000FD3
_OSCTUNEbits             (abs)        000F9B
_RXB0CON                 (abs)        000F60
_RXB0CONbits             (abs)        000F60
_RXB0D0                  (abs)        000F66
_RXB0D1                  (abs)        000F67
_RXB0D2                  (abs)        000F68
_RXB0D3                  (abs)        000F69
_RXB0D4                  (abs)        000F6A
_RXB0D5                  (abs)        000F6B
_RXB0D6                  (abs)        000F6C
_RXB0D7                  (abs)        000F6D
_RXB0DLC                 (abs)        000F65
_RXB0EIDH                (abs)        000F63
_RXB0EIDL                (abs)        000F64
_RXB0SIDH                (abs)        000F61
_RXB0SIDL                (abs)        000F62
_RXB1CON                 (abs)        000F50
_RXB1CONbits             (abs)        000F50
_RXB1D0                  (abs)        000F56
_RXB1D1                  (abs)        000F57
_RXB1D2                  (abs)        000F58
_RXB1D3                  (abs)        000F59
_RXB1D4                  (abs)        000F5A
_RXB1D5                  (abs)        000F5B
_RXB1D6                  (abs)        000F5C
_RXB1D7                  (abs)        000F5D
_RXB1DLC                 (abs)        000F55
_RXB1EIDH                (abs)        000F53
_RXB1EIDL                (abs)        000F54
_RXB1IF                  (abs)        007D21
_RXB1SIDH                (abs)        000F51
_RXB1SIDL                (abs)        000F52
_RXF0EIDH                (abs)        000F02
_RXF0EIDL                (abs)        000F03
_RXF0SIDH                (abs)        000F00
_RXF0SIDL                (abs)        000F01
_RXF2EIDH                (abs)        000F0A
_RXF2EIDL                (abs)        000F0B
_RXF2SIDH                (abs)        000F08
_RXF2SIDL                (abs)        000F09
_RXFCON0                 (abs)        000DD4
_RXFCON1                 (abs)        000DD5
_RXM0EIDH                (abs)        000F1A
_RXM0EIDL                (abs)        000F1B
_RXM0SIDH                (abs)        000F18
_RXM0SIDL                (abs)        000F19
_RXM1EIDH                (abs)        000F1E
_RXM1EIDL                (abs)        000F1F
_RXM1SIDH                (abs)        000F1C
_RXM1SIDL                (abs)        000F1D
_TRISB                   (abs)        000F93
_TXB0CONbits             (abs)        000F40
_TXB0D0                  (abs)        000F46
_TXB0D1                  (abs)        000F47
_TXB0D2                  (abs)        000F48
_TXB0D3                  (abs)        000F49
_TXB0D4                  (abs)        000F4A
_TXB0D5                  (abs)        000F4B
_TXB0D6                  (abs)        000F4C
_TXB0D7                  (abs)        000F4D
_TXB0DLC                 (abs)        000F45
_TXB0EIDH                (abs)        000F43
_TXB0EIDL                (abs)        000F44
__CFG_BBSIZ$1024         (abs)        000000
__CFG_BOREN$OFF          (abs)        000000
__CFG_BORV$0             (abs)        000000
__CFG_CP0$OFF            (abs)        000000
__CFG_CP1$OFF            (abs)        000000
__CFG_CPB$OFF            (abs)        000000
__CFG_CPD$OFF            (abs)        000000
__CFG_EBTR0$OFF          (abs)        000000
__CFG_EBTR1$OFF          (abs)        000000
__CFG_EBTRB$OFF          (abs)        000000
__CFG_FCMEN$OFF          (abs)        000000
__CFG_IESO$OFF           (abs)        000000
__CFG_LPT1OSC$OFF        (abs)        000000
__CFG_LVP$ON             (abs)        000000
__CFG_MCLRE$OFF          (abs)        000000
__CFG_OSC$IRCIO67        (abs)        000000
__CFG_PBADEN$OFF         (abs)        000000
__CFG_PWRT$ON            (abs)        000000
__CFG_STVREN$ON          (abs)        000000
__CFG_WDT$OFF            (abs)        000000
__CFG_WDTPS$32768        (abs)        000000
__CFG_WRT0$OFF           (abs)        000000
__CFG_WRT1$OFF           (abs)        000000
__CFG_WRTB$OFF           (abs)        000000
__CFG_WRTC$OFF           (abs)        000000
__CFG_WRTD$OFF           (abs)        000000
__CFG_XINST$OFF          (abs)        000000
__HRAM                   (abs)        000000
__Habs1                  abs1         000000
__Hbank0                 bank0        000000
__Hbank1                 bank1        000000
__Hbank2                 bank2        000000
__Hbigbss                bigbss       000000
__Hbigdata               bigdata      000000
__Hbigram                bigram       000000
__Hbss                   bss          000000
__HbssCOMRAM             bssCOMRAM    000000
__Hcinit                 cinit        000000
__Hclrtext               clrtext      000000
__Hcomram                comram       000000
__Hconfig                config       30000E
__Hconst                 const        000000
__HcstackCOMRAM          cstackCOMRAM 000000
__Hdata                  data         000000
__Heeprom_data           eeprom_data  000000
__Hend_init              end_init     000004
__Hfarbss                farbss       000000
__Hfardata               fardata      000000
__Hibigdata              ibigdata     000000
__Hidata                 idata        000000
__Hidloc                 idloc        200008
__Hifardata              ifardata     000000
__Hinit                  init         000000
__Hintcode               intcode      000000
__Hintcode_body          intcode_body 000000
__Hintcodelo             intcodelo    000000
__Hintentry              intentry     000000
__Hintret                intret       000000
__Hintsave_regs          intsave_regs 000000
__Hirdata                irdata       000000
__Hmediumconst           mediumconst  000000
__HnvFARRAM              nvFARRAM     000000
__Hnvbit                 nvbit        000000
__Hnvrram                nvrram       000000
__Hparam                 rparam       000000
__Hpowerup               powerup      000000
__Hram                   ram          000000
__Hramtop                ramtop       000300
__Hrbit                  rbit         000000
__Hrbss                  rbss         000000
__Hrdata                 rdata        000000
__Hreset_vec             reset_vec    000000
__Hrparam                rparam       000000
__Hsfr                   sfr          000000
__Hsmallconst            smallconst   000000
__Hspace_0               (abs)        30000E
__Hspace_1               (abs)        000016
__Hspace_2               (abs)        000000
__Hstack                 stack        000000
__Hstruct                struct       000000
__Htemp                  temp         000000
__Htext                  text         000000
__Htext0                 text0        000000
__Htext1                 text1        000000
__Htext2                 text2        000000
__Htext3                 text3        000000
__Htext4                 text4        000000
__Htext5                 text5        000000
__LRAM                   (abs)        000001
__Labs1                  abs1         000000
__Lbank0                 bank0        000000
__Lbank1                 bank1        000000
__Lbank2                 bank2        000000
__Lbigbss                bigbss       000000
__Lbigdata               bigdata      000000
__Lbigram                bigram       000000
__Lbss                   bss          000000
__LbssCOMRAM             bssCOMRAM    000000
__Lcinit                 cinit        000000
__Lclrtext               clrtext      000000
__Lcomram                comram       000000
__Lconfig                config       300000
__Lconst                 const        000000
__LcstackCOMRAM          cstackCOMRAM 000000
__Ldata                  data         000000
__Leeprom_data           eeprom_data  000000
__Lend_init              end_init     000000
__Lfarbss                farbss       000000
__Lfardata               fardata      000000
__Libigdata              ibigdata     000000
__Lidata                 idata        000000
__Lidloc                 idloc        200000
__Lifardata              ifardata     000000
__Linit                  init         000000
__Lintcode               intcode      000000
__Lintcode_body          intcode_body 000000
__Lintcodelo             intcodelo    000000
__Lintentry              intentry     000000
__Lintret                intret       000000
__Lintsave_regs          intsave_regs 000000
__Lirdata                irdata       000000
__Lmediumconst           mediumconst  000000
__LnvFARRAM              nvFARRAM     000000
__Lnvbit                 nvbit        000000
__Lnvrram                nvrram       000000
__Lparam                 rparam       000000
__Lpowerup               powerup      000000
__Lram                   ram          000000
__Lramtop                ramtop       000300
__Lrbit                  rbit         000000
__Lrbss                  rbss         000000
__Lrdata                 rdata        000000
__Lreset_vec             reset_vec    000000
__Lrparam                rparam       000000
__Lsfr                   sfr          000000
__Lsmallconst            smallconst   000000
__Lspace_0               (abs)        000000
__Lspace_1               (abs)        000000
__Lspace_2               (abs)        000000
__Lstack                 stack        000000
__Lstruct                struct       000000
__Ltemp                  temp         000000
__Ltext                  text         000000
__Ltext0                 text0        000000
__Ltext1                 text1        000000
__Ltext2                 text2        000000
__Ltext3                 text3        000000
__Ltext4                 text4        000000
__Ltext5                 text5        000000
__S0                     (abs)        30000E
__S1                     (abs)        000016
__S2                     (abs)        000000
___inthi_sp              stack        000000
___intlo_sp              stack        000000
___param_bank            (abs)        000010
___rparam_used           (abs)        000001
___sp                    stack        000000
__accesstop              (abs)        000060
__activetblptr           (abs)        000000
__end_of_Delay           text5        003EAA
__end_of_ECAN_Transmit   text4        003F68
__end_of_Heartbeat       text3        003EF2
__end_of_InitDevice      text1        003F18
__end_of_InitECAN        text2        004000
__end_of__initialization cinit        003EB6
__end_of_main            text0        003ED6
__initialization         cinit        003EAA
__mediumconst            mediumconst  000000
__pbssCOMRAM             bssCOMRAM    000001
__pcinit                 cinit        003EAA
__pcstackCOMRAM          cstackCOMRAM 000014
__ptext0                 text0        003EBC
__ptext1                 text1        003EF2
__ptext2                 text2        003F68
__ptext3                 text3        003ED6
__ptext4                 text4        003F18
__ptext5                 text5        003E98
__ramtop                 ramtop       000300
__size_of_Delay          (abs)        000000
__size_of_ECAN_Transmit  (abs)        000000
__size_of_Heartbeat      (abs)        000000
__size_of_InitDevice     (abs)        000000
__size_of_InitECAN       (abs)        000000
__size_of_main           (abs)        000000
__smallconst             smallconst   000000
_heartbeatCount          bssCOMRAM    000001
_main                    text0        003EBC
_temp_D0                 bssCOMRAM    000007
_temp_D1                 bssCOMRAM    000008
_temp_D2                 bssCOMRAM    000009
_temp_D3                 bssCOMRAM    00000A
_temp_D4                 bssCOMRAM    00000B
_temp_D5                 bssCOMRAM    00000C
_temp_D6                 bssCOMRAM    00000D
_temp_D7                 bssCOMRAM    00000E
_temp_DLC                bssCOMRAM    00000F
_temp_EIDH               bssCOMRAM    000010
_temp_EIDL               bssCOMRAM    000011
_temp_SIDH               bssCOMRAM    000012
_temp_SIDL               bssCOMRAM    000013
end_of_initialization    cinit        003EB6
intlevel0                text         000000
intlevel1                text         000000
intlevel2                text         000000
intlevel3                text         000000
stackhi                  (abs)        0002FF
stacklo                  (abs)        000060
start                    init         000000
start_initialization     cinit        003EAA


FUNCTION INFORMATION:

 *************** function _main *****************
 Defined at:
		line 62 in file "main.c"
 Parameters:    Size  Location     Type
		None
 Auto vars:     Size  Location     Type
		None
 Return value:  Size  Location     Type
		None               void
 Registers used:
		wreg, status,2, status,0, cstack
 Tracked objects:
		On entry : 
		On exit  : 
		Unchanged: 
 Data sizes:     COMRAM   BANK0   BANK1   BANK2
      Params:         0       0       0       0
      Locals:         0       0       0       0
      Temps:          0       0       0       0
      Totals:         0       0       0       0
Total ram usage:        0 bytes
 Hardware stack levels required when called:    2
 This function calls:
		_Delay
		_ECAN_Transmit
		_Heartbeat
		_InitDevice
 This function is called by:
		Startup code after reset
 This function uses a non-reentrant model


 *************** function _InitDevice *****************
 Defined at:
		line 83 in file "main.c"
 Parameters:    Size  Location     Type
		None
 Auto vars:     Size  Location     Type
		None
 Return value:  Size  Location     Type
		None               void
 Registers used:
		wreg, status,2, cstack
 Tracked objects:
		On entry : 
		On exit  : 
		Unchanged: 
 Data sizes:     COMRAM   BANK0   BANK1   BANK2
      Params:         0       0       0       0
      Locals:         0       0       0       0
      Temps:          0       0       0       0
      Totals:         0       0       0       0
Total ram usage:        0 bytes
 Hardware stack levels used:    1
 Hardware stack levels required when called:    1
 This function calls:
		_InitECAN
 This function is called by:
		_main
 This function uses a non-reentrant model


 *************** function _InitECAN *****************
 Defined at:
		line 66 in file "ECAN_P18.c"
 Parameters:    Size  Location     Type
		None
 Auto vars:     Size  Location     Type
		None
 Return value:  Size  Location     Type
		None               void
 Registers used:
		wreg, status,2
 Tracked objects:
		On entry : 
		On exit  : 
		Unchanged: 
 Data sizes:     COMRAM   BANK0   BANK1   BANK2
      Params:         0       0       0       0
      Locals:         0       0       0       0
      Temps:          0       0       0       0
      Totals:         0       0       0       0
Total ram usage:        0 bytes
 Hardware stack levels used:    1
 This function calls:
		Nothing
 This function is called by:
		_InitDevice
 This function uses a non-reentrant model


 *************** function _Heartbeat *****************
 Defined at:
		line 154 in file "main.c"
 Parameters:    Size  Location     Type
		None
 Auto vars:     Size  Location     Type
		None
 Return value:  Size  Location     Type
		None               void
 Registers used:
		wreg, status,2, status,0
 Tracked objects:
		On entry : 
		On exit  : 
		Unchanged: 
 Data sizes:     COMRAM   BANK0   BANK1   BANK2
      Params:         0       0       0       0
      Locals:         0       0       0       0
      Temps:          0       0       0       0
      Totals:         0       0       0       0
Total ram usage:        0 bytes
 Hardware stack levels used:    1
 This function calls:
		Nothing
 This function is called by:
		_main
 This function uses a non-reentrant model


 *************** function _ECAN_Transmit *****************
 Defined at:
		line 109 in file "main.c"
 Parameters:    Size  Location     Type
		None
 Auto vars:     Size  Location     Type
		None
 Return value:  Size  Location     Type
		None               void
 Registers used:
		wreg, status,2
 Tracked objects:
		On entry : 
		On exit  : 
		Unchanged: 
 Data sizes:     COMRAM   BANK0   BANK1   BANK2
      Params:         0       0       0       0
      Locals:         0       0       0       0
      Temps:          0       0       0       0
      Totals:         0       0       0       0
Total ram usage:        0 bytes
 Hardware stack levels used:    1
 This function calls:
		Nothing
 This function is called by:
		_main
 This function uses a non-reentrant model


 *************** function _Delay *****************
 Defined at:
		line 143 in file "main.c"
 Parameters:    Size  Location     Type
  count           2    0[COMRAM] unsigned int 
 Auto vars:     Size  Location     Type
		None
 Return value:  Size  Location     Type
		None               void
 Registers used:
		wreg, status,2, status,0
 Tracked objects:
		On entry : 
		On exit  : 
		Unchanged: 
 Data sizes:     COMRAM   BANK0   BANK1   BANK2
      Params:         2       0       0       0
      Locals:         0       0       0       0
      Temps:          0       0       0       0
      Totals:         2       0       0       0
Total ram usage:        2 bytes
 Hardware stack levels used:    1
 This function calls:
		Nothing
 This function is called by:
		_main
 This function uses a non-reentrant model



MODULE INFORMATION

Module		Function		Class		Link	Load	Size
shared
		__initialization		CODE           	3EAA	0000	13

shared estimated size: 13

ECAN_P18.c
		_InitECAN      		CODE           	3F68	0000	153

ECAN_P18.c estimated size: 153

main.c
		_Heartbeat     		CODE           	3ED6	0000	29
		_main          		CODE           	3EBC	0000	27
		_InitDevice    		CODE           	3EF2	0000	39
		_ECAN_Transmit 		CODE           	3F18	0000	81
		_Delay         		CODE           	3E98	0000	19

main.c estimated size: 195

